[WARN] [1790419656.925751269] [moveit_634142501]: exception thrown while creating node for logging: failed to create guard condition: context argument is null, at ./src/rcl/guard_condition.c:65
[WARN] [1790419656.927410128] [moveit_634142501]: if rclcpp::init was not called, messages from this logger may be missing from /rosout
[INFO] [1790419656.928883230] [moveit_634142501.moveit.core.robot_model]: Loading robot model 'kr6_r900_sixx'...
[INFO] [1790419656.930735167] [moveit_634142501.moveit.core.robot_model]: No root/virtual joint specified in SRDF. Assuming fixed joint
[INFO] [1790419656.974041643] [trac_ik_kinematics_plugin.trac_ik_kinematics_plugin]: IK Using joint link_1 -2.96706 2.96706
[INFO] [1790419656.974610162] [trac_ik_kinematics_plugin.trac_ik_kinematics_plugin]: IK Using joint link_2 -3.31613 0.785398
[INFO] [1790419656.975109361] [trac_ik_kinematics_plugin.trac_ik_kinematics_plugin]: IK Using joint link_3 -2.0944 2.72271
[INFO] [1790419656.975607057] [trac_ik_kinematics_plugin.trac_ik_kinematics_plugin]: IK Using joint link_4 -3.22886 3.22886
[INFO] [1790419656.976015938] [trac_ik_kinematics_plugin.trac_ik_kinematics_plugin]: IK Using joint link_5 -2.0944 2.0944
[INFO] [1790419656.976522271] [trac_ik_kinematics_plugin.trac_ik_kinematics_plugin]: IK Using joint link_6 -6.10865 6.10865
[INFO] [1790419656.976949346] [trac_ik_kinematics_plugin.trac_ik_kinematics_plugin]: Using solve type Speed
[WARN] [1790419657.084671945] [moveit_2871337867]: exception thrown while creating node for logging: failed to create guard condition: context argument is null, at ./src/rcl/guard_condition.c:65
[WARN] [1790419657.085715458] [moveit_2871337867]: if rclcpp::init was not called, messages from this logger may be missing from /rosout
[INFO] [1790419657.086338227] [moveit_2871337867.moveit.core.robot_model]: Loading robot model 'kr6_r900_sixx'...
[INFO] [1790419657.086712294] [moveit_2871337867.moveit.core.robot_model]: No root/virtual joint specified in SRDF. Assuming fixed joint
[INFO] [1790419657.127823785] [trac_ik_kinematics_plugin.trac_ik_kinematics_plugin]: IK Using joint link_1 -2.96706 2.96706
[INFO] [1790419657.128436726] [trac_ik_kinematics_plugin.trac_ik_kinematics_plugin]: IK Using joint link_2 -3.31613 0.785398
[INFO] [1790419657.128888858] [trac_ik_kinematics_plugin.trac_ik_kinematics_plugin]: IK Using joint link_3 -2.0944 2.72271
[INFO] [1790419657.129369803] [trac_ik_kinematics_plugin.trac_ik_kinematics_plugin]: IK Using joint link_4 -3.22886 3.22886
[INFO] [1790419657.130084693] [trac_ik_kinematics_plugin.trac_ik_kinematics_plugin]: IK Using joint link_5 -2.0944 2.0944
[INFO] [1790419657.130562833] [trac_ik_kinematics_plugin.trac_ik_kinematics_plugin]: IK Using joint link_6 -6.10865 6.10865
[INFO] [1790419657.130891305] [trac_ik_kinematics_plugin.trac_ik_kinematics_plugin]: Using solve type Speed
