[WARN] [1790540417.827498280] [moveit_1641563616]: exception thrown while creating node for logging: failed to create guard condition: context argument is null, at ./src/rcl/guard_condition.c:65
[WARN] [1790540417.828666268] [moveit_1641563616]: if rclcpp::init was not called, messages from this logger may be missing from /rosout
[INFO] [1790540417.829836870] [moveit_1641563616.moveit.core.robot_model]: Loading robot model 'kr6_r900_sixx'...
[INFO] [1790540417.830805276] [moveit_1641563616.moveit.core.robot_model]: No root/virtual joint specified in SRDF. Assuming fixed joint
[INFO] [1790540417.875908764] [trac_ik_kinematics_plugin.trac_ik_kinematics_plugin]: IK Using joint link_1 -2.96706 2.96706
[INFO] [1790540417.876443742] [trac_ik_kinematics_plugin.trac_ik_kinematics_plugin]: IK Using joint link_2 -3.31613 0.785398
[INFO] [1790540417.876850410] [trac_ik_kinematics_plugin.trac_ik_kinematics_plugin]: IK Using joint link_3 -2.0944 2.72271
[INFO] [1790540417.877183201] [trac_ik_kinematics_plugin.trac_ik_kinematics_plugin]: IK Using joint link_4 -3.22886 3.22886
[INFO] [1790540417.877525419] [trac_ik_kinematics_plugin.trac_ik_kinematics_plugin]: IK Using joint link_5 -2.0944 2.0944
[INFO] [1790540417.877992420] [trac_ik_kinematics_plugin.trac_ik_kinematics_plugin]: IK Using joint link_6 -6.10865 6.10865
[INFO] [1790540417.878371436] [trac_ik_kinematics_plugin.trac_ik_kinematics_plugin]: Using solve type Speed
[WARN] [1790540417.992393688] [moveit_3723725044]: exception thrown while creating node for logging: failed to create guard condition: context argument is null, at ./src/rcl/guard_condition.c:65
[WARN] [1790540417.993627298] [moveit_3723725044]: if rclcpp::init was not called, messages from this logger may be missing from /rosout
[INFO] [1790540417.994682646] [moveit_3723725044.moveit.core.robot_model]: Loading robot model 'kr6_r900_sixx'...
[INFO] [1790540417.995064518] [moveit_3723725044.moveit.core.robot_model]: No root/virtual joint specified in SRDF. Assuming fixed joint
[INFO] [1790540418.031514271] [trac_ik_kinematics_plugin.trac_ik_kinematics_plugin]: IK Using joint link_1 -2.96706 2.96706
[INFO] [1790540418.032201006] [trac_ik_kinematics_plugin.trac_ik_kinematics_plugin]: IK Using joint link_2 -3.31613 0.785398
[INFO] [1790540418.032653575] [trac_ik_kinematics_plugin.trac_ik_kinematics_plugin]: IK Using joint link_3 -2.0944 2.72271
[INFO] [1790540418.033080701] [trac_ik_kinematics_plugin.trac_ik_kinematics_plugin]: IK Using joint link_4 -3.22886 3.22886
[INFO] [1790540418.033418170] [trac_ik_kinematics_plugin.trac_ik_kinematics_plugin]: IK Using joint link_5 -2.0944 2.0944
[INFO] [1790540418.033746102] [trac_ik_kinematics_plugin.trac_ik_kinematics_plugin]: IK Using joint link_6 -6.10865 6.10865
[INFO] [1790540418.034049027] [trac_ik_kinematics_plugin.trac_ik_kinematics_plugin]: Using solve type Speed
