[WARN] [1790430890.348972749] [moveit_2288299862]: exception thrown while creating node for logging: failed to create guard condition: context argument is null, at ./src/rcl/guard_condition.c:65
[WARN] [1790430890.350079342] [moveit_2288299862]: if rclcpp::init was not called, messages from this logger may be missing from /rosout
[INFO] [1790430890.351161299] [moveit_2288299862.moveit.core.robot_model]: Loading robot model 'kr6_r900_sixx'...
[INFO] [1790430890.351960119] [moveit_2288299862.moveit.core.robot_model]: No root/virtual joint specified in SRDF. Assuming fixed joint
[WARN] [1790430891.378316945] [moveit_3249645595]: exception thrown while creating node for logging: failed to create guard condition: context argument is null, at ./src/rcl/guard_condition.c:65
[WARN] [1790430891.380237787] [moveit_3249645595]: if rclcpp::init was not called, messages from this logger may be missing from /rosout
[INFO] [1790430891.381269871] [moveit_3249645595.moveit.core.robot_model]: Loading robot model 'kr6_r900_sixx'...
[INFO] [1790430891.381713739] [moveit_3249645595.moveit.core.robot_model]: No root/virtual joint specified in SRDF. Assuming fixed joint
[WARN] [1790430892.391183057] [moveit_2355699472]: exception thrown while creating node for logging: failed to create guard condition: context argument is null, at ./src/rcl/guard_condition.c:65
[WARN] [1790430892.392467091] [moveit_2355699472]: if rclcpp::init was not called, messages from this logger may be missing from /rosout
[INFO] [1790430892.393276751] [moveit_2355699472.moveit.core.robot_model]: Loading robot model 'kr6_r900_sixx'...
[INFO] [1790430892.393798784] [moveit_2355699472.moveit.core.robot_model]: No root/virtual joint specified in SRDF. Assuming fixed joint
[WARN] [1790430893.403087656] [moveit_1306263275]: exception thrown while creating node for logging: failed to create guard condition: context argument is null, at ./src/rcl/guard_condition.c:65
[WARN] [1790430893.404416474] [moveit_1306263275]: if rclcpp::init was not called, messages from this logger may be missing from /rosout
[INFO] [1790430893.405494273] [moveit_1306263275.moveit.core.robot_model]: Loading robot model 'kr6_r900_sixx'...
[INFO] [1790430893.405911702] [moveit_1306263275.moveit.core.robot_model]: No root/virtual joint specified in SRDF. Assuming fixed joint
[WARN] [1790430894.387593108] [moveit_3067385331]: exception thrown while creating node for logging: failed to create guard condition: context argument is null, at ./src/rcl/guard_condition.c:65
[WARN] [1790430894.389530049] [moveit_3067385331]: if rclcpp::init was not called, messages from this logger may be missing from /rosout
[INFO] [1790430894.390738693] [moveit_3067385331.moveit.core.robot_model]: Loading robot model 'kr6_r900_sixx'...
[INFO] [1790430894.391157123] [moveit_3067385331.moveit.core.robot_model]: No root/virtual joint specified in SRDF. Assuming fixed joint
[WARN] [1790430895.377202406] [moveit_3907649792]: exception thrown while creating node for logging: failed to create guard condition: context argument is null, at ./src/rcl/guard_condition.c:65
[WARN] [1790430895.378444111] [moveit_3907649792]: if rclcpp::init was not called, messages from this logger may be missing from /rosout
[INFO] [1790430895.379340583] [moveit_3907649792.moveit.core.robot_model]: Loading robot model 'kr6_r900_sixx'...
[INFO] [1790430895.379685085] [moveit_3907649792.moveit.core.robot_model]: No root/virtual joint specified in SRDF. Assuming fixed joint
[WARN] [1790430896.382826364] [moveit_1420679055]: exception thrown while creating node for logging: failed to create guard condition: context argument is null, at ./src/rcl/guard_condition.c:65
[WARN] [1790430896.383868588] [moveit_1420679055]: if rclcpp::init was not called, messages from this logger may be missing from /rosout
[INFO] [1790430896.384670884] [moveit_1420679055.moveit.core.robot_model]: Loading robot model 'kr6_r900_sixx'...
[INFO] [1790430896.385037076] [moveit_1420679055.moveit.core.robot_model]: No root/virtual joint specified in SRDF. Assuming fixed joint
[WARN] [1790430897.364909680] [moveit_4188372189]: exception thrown while creating node for logging: failed to create guard condition: context argument is null, at ./src/rcl/guard_condition.c:65
[WARN] [1790430897.366216617] [moveit_4188372189]: if rclcpp::init was not called, messages from this logger may be missing from /rosout
[INFO] [1790430897.367055431] [moveit_4188372189.moveit.core.robot_model]: Loading robot model 'kr6_r900_sixx'...
[INFO] [1790430897.367310477] [moveit_4188372189.moveit.core.robot_model]: No root/virtual joint specified in SRDF. Assuming fixed joint
[WARN] [1790430898.350801917] [moveit_753208174]: exception thrown while creating node for logging: failed to create guard condition: context argument is null, at ./src/rcl/guard_condition.c:65
[WARN] [1790430898.351847076] [moveit_753208174]: if rclcpp::init was not called, messages from this logger may be missing from /rosout
[INFO] [1790430898.352571667] [moveit_753208174.moveit.core.robot_model]: Loading robot model 'kr6_r900_sixx'...
[INFO] [1790430898.352917202] [moveit_753208174.moveit.core.robot_model]: No root/virtual joint specified in SRDF. Assuming fixed joint
[WARN] [1790430899.354402753] [moveit_680301439]: exception thrown while creating node for logging: failed to create guard condition: context argument is null, at ./src/rcl/guard_condition.c:65
[WARN] [1790430899.355718557] [moveit_680301439]: if rclcpp::init was not called, messages from this logger may be missing from /rosout
[INFO] [1790430899.356594460] [moveit_680301439.moveit.core.robot_model]: Loading robot model 'kr6_r900_sixx'...
[INFO] [1790430899.357036554] [moveit_680301439.moveit.core.robot_model]: No root/virtual joint specified in SRDF. Assuming fixed joint
[WARN] [1790430900.323590915] [moveit_3209562157]: exception thrown while creating node for logging: failed to create guard condition: context argument is null, at ./src/rcl/guard_condition.c:65
[WARN] [1790430900.325047010] [moveit_3209562157]: if rclcpp::init was not called, messages from this logger may be missing from /rosout
[INFO] [1790430900.326007701] [moveit_3209562157.moveit.core.robot_model]: Loading robot model 'kr6_r900_sixx'...
[INFO] [1790430900.326407507] [moveit_3209562157.moveit.core.robot_model]: No root/virtual joint specified in SRDF. Assuming fixed joint
[WARN] [1790430901.312261894] [moveit_988981588]: exception thrown while creating node for logging: failed to create guard condition: context argument is null, at ./src/rcl/guard_condition.c:65
[WARN] [1790430901.313745720] [moveit_988981588]: if rclcpp::init was not called, messages from this logger may be missing from /rosout
[INFO] [1790430901.314989219] [moveit_988981588.moveit.core.robot_model]: Loading robot model 'kr6_r900_sixx'...
[INFO] [1790430901.315419351] [moveit_988981588.moveit.core.robot_model]: No root/virtual joint specified in SRDF. Assuming fixed joint
[WARN] [1790430902.312713187] [moveit_228510655]: exception thrown while creating node for logging: failed to create guard condition: context argument is null, at ./src/rcl/guard_condition.c:65
[WARN] [1790430902.314297532] [moveit_228510655]: if rclcpp::init was not called, messages from this logger may be missing from /rosout
[INFO] [1790430902.315244497] [moveit_228510655.moveit.core.robot_model]: Loading robot model 'kr6_r900_sixx'...
[INFO] [1790430902.315713051] [moveit_228510655.moveit.core.robot_model]: No root/virtual joint specified in SRDF. Assuming fixed joint
[WARN] [1790430903.319199854] [moveit_2387745845]: exception thrown while creating node for logging: failed to create guard condition: context argument is null, at ./src/rcl/guard_condition.c:65
[WARN] [1790430903.320704540] [moveit_2387745845]: if rclcpp::init was not called, messages from this logger may be missing from /rosout
[INFO] [1790430903.321640225] [moveit_2387745845.moveit.core.robot_model]: Loading robot model 'kr6_r900_sixx'...
[INFO] [1790430903.322075667] [moveit_2387745845.moveit.core.robot_model]: No root/virtual joint specified in SRDF. Assuming fixed joint
[WARN] [1790430904.315910403] [moveit_3879242637]: exception thrown while creating node for logging: failed to create guard condition: context argument is null, at ./src/rcl/guard_condition.c:65
[WARN] [1790430904.317043516] [moveit_3879242637]: if rclcpp::init was not called, messages from this logger may be missing from /rosout
[INFO] [1790430904.318107139] [moveit_3879242637.moveit.core.robot_model]: Loading robot model 'kr6_r900_sixx'...
[INFO] [1790430904.318473172] [moveit_3879242637.moveit.core.robot_model]: No root/virtual joint specified in SRDF. Assuming fixed joint
[WARN] [1790430905.314992714] [moveit_2572226370]: exception thrown while creating node for logging: failed to create guard condition: context argument is null, at ./src/rcl/guard_condition.c:65
[WARN] [1790430905.316357159] [moveit_2572226370]: if rclcpp::init was not called, messages from this logger may be missing from /rosout
[INFO] [1790430905.317189561] [moveit_2572226370.moveit.core.robot_model]: Loading robot model 'kr6_r900_sixx'...
[INFO] [1790430905.317540074] [moveit_2572226370.moveit.core.robot_model]: No root/virtual joint specified in SRDF. Assuming fixed joint
[WARN] [1790430906.303169982] [moveit_2745585774]: exception thrown while creating node for logging: failed to create guard condition: context argument is null, at ./src/rcl/guard_condition.c:65
[WARN] [1790430906.304723790] [moveit_2745585774]: if rclcpp::init was not called, messages from this logger may be missing from /rosout
[INFO] [1790430906.305704198] [moveit_2745585774.moveit.core.robot_model]: Loading robot model 'kr6_r900_sixx'...
[INFO] [1790430906.306124422] [moveit_2745585774.moveit.core.robot_model]: No root/virtual joint specified in SRDF. Assuming fixed joint
[WARN] [1790430907.297608513] [moveit_1679694506]: exception thrown while creating node for logging: failed to create guard condition: context argument is null, at ./src/rcl/guard_condition.c:65
[WARN] [1790430907.298930481] [moveit_1679694506]: if rclcpp::init was not called, messages from this logger may be missing from /rosout
[INFO] [1790430907.299914492] [moveit_1679694506.moveit.core.robot_model]: Loading robot model 'kr6_r900_sixx'...
[INFO] [1790430907.300316128] [moveit_1679694506.moveit.core.robot_model]: No root/virtual joint specified in SRDF. Assuming fixed joint
[WARN] [1790430908.330688190] [moveit_2469042041]: exception thrown while creating node for logging: failed to create guard condition: context argument is null, at ./src/rcl/guard_condition.c:65
[WARN] [1790430908.332352152] [moveit_2469042041]: if rclcpp::init was not called, messages from this logger may be missing from /rosout
[INFO] [1790430908.333408047] [moveit_2469042041.moveit.core.robot_model]: Loading robot model 'kr6_r900_sixx'...
[INFO] [1790430908.333903675] [moveit_2469042041.moveit.core.robot_model]: No root/virtual joint specified in SRDF. Assuming fixed joint
[WARN] [1790430909.336871676] [moveit_638547833]: exception thrown while creating node for logging: failed to create guard condition: context argument is null, at ./src/rcl/guard_condition.c:65
[WARN] [1790430909.338501475] [moveit_638547833]: if rclcpp::init was not called, messages from this logger may be missing from /rosout
[INFO] [1790430909.339456907] [moveit_638547833.moveit.core.robot_model]: Loading robot model 'kr6_r900_sixx'...
[INFO] [1790430909.339917325] [moveit_638547833.moveit.core.robot_model]: No root/virtual joint specified in SRDF. Assuming fixed joint
[WARN] [1790430910.317067755] [moveit_3449624558]: exception thrown while creating node for logging: failed to create guard condition: context argument is null, at ./src/rcl/guard_condition.c:65
[WARN] [1790430910.318466494] [moveit_3449624558]: if rclcpp::init was not called, messages from this logger may be missing from /rosout
[INFO] [1790430910.319399984] [moveit_3449624558.moveit.core.robot_model]: Loading robot model 'kr6_r900_sixx'...
[INFO] [1790430910.319818464] [moveit_3449624558.moveit.core.robot_model]: No root/virtual joint specified in SRDF. Assuming fixed joint
[WARN] [1790430911.310054945] [moveit_674666886]: exception thrown while creating node for logging: failed to create guard condition: context argument is null, at ./src/rcl/guard_condition.c:65
[WARN] [1790430911.311417114] [moveit_674666886]: if rclcpp::init was not called, messages from this logger may be missing from /rosout
[INFO] [1790430911.312573521] [moveit_674666886.moveit.core.robot_model]: Loading robot model 'kr6_r900_sixx'...
[INFO] [1790430911.313062532] [moveit_674666886.moveit.core.robot_model]: No root/virtual joint specified in SRDF. Assuming fixed joint
[WARN] [1790430912.303091365] [moveit_199129658]: exception thrown while creating node for logging: failed to create guard condition: context argument is null, at ./src/rcl/guard_condition.c:65
[WARN] [1790430912.304384256] [moveit_199129658]: if rclcpp::init was not called, messages from this logger may be missing from /rosout
[INFO] [1790430912.305296246] [moveit_199129658.moveit.core.robot_model]: Loading robot model 'kr6_r900_sixx'...
[INFO] [1790430912.305797451] [moveit_199129658.moveit.core.robot_model]: No root/virtual joint specified in SRDF. Assuming fixed joint
[WARN] [1790430913.277659309] [moveit_3741507844]: exception thrown while creating node for logging: failed to create guard condition: context argument is null, at ./src/rcl/guard_condition.c:65
[WARN] [1790430913.278737800] [moveit_3741507844]: if rclcpp::init was not called, messages from this logger may be missing from /rosout
[INFO] [1790430913.279598946] [moveit_3741507844.moveit.core.robot_model]: Loading robot model 'kr6_r900_sixx'...
[INFO] [1790430913.279941214] [moveit_3741507844.moveit.core.robot_model]: No root/virtual joint specified in SRDF. Assuming fixed joint
[WARN] [1790430914.273028480] [moveit_1416145228]: exception thrown while creating node for logging: failed to create guard condition: context argument is null, at ./src/rcl/guard_condition.c:65
[WARN] [1790430914.274280624] [moveit_1416145228]: if rclcpp::init was not called, messages from this logger may be missing from /rosout
[INFO] [1790430914.275115141] [moveit_1416145228.moveit.core.robot_model]: Loading robot model 'kr6_r900_sixx'...
[INFO] [1790430914.275475904] [moveit_1416145228.moveit.core.robot_model]: No root/virtual joint specified in SRDF. Assuming fixed joint
[WARN] [1790430915.257092675] [moveit_3886029711]: exception thrown while creating node for logging: failed to create guard condition: context argument is null, at ./src/rcl/guard_condition.c:65
[WARN] [1790430915.258129005] [moveit_3886029711]: if rclcpp::init was not called, messages from this logger may be missing from /rosout
[INFO] [1790430915.259128447] [moveit_3886029711.moveit.core.robot_model]: Loading robot model 'kr6_r900_sixx'...
[INFO] [1790430915.259470814] [moveit_3886029711.moveit.core.robot_model]: No root/virtual joint specified in SRDF. Assuming fixed joint
[WARN] [1790430916.245295863] [moveit_2674937019]: exception thrown while creating node for logging: failed to create guard condition: context argument is null, at ./src/rcl/guard_condition.c:65
[WARN] [1790430916.246418724] [moveit_2674937019]: if rclcpp::init was not called, messages from this logger may be missing from /rosout
[INFO] [1790430916.247434266] [moveit_2674937019.moveit.core.robot_model]: Loading robot model 'kr6_r900_sixx'...
[INFO] [1790430916.247889404] [moveit_2674937019.moveit.core.robot_model]: No root/virtual joint specified in SRDF. Assuming fixed joint
[WARN] [1790430917.227256743] [moveit_828505026]: exception thrown while creating node for logging: failed to create guard condition: context argument is null, at ./src/rcl/guard_condition.c:65
[WARN] [1790430917.228360189] [moveit_828505026]: if rclcpp::init was not called, messages from this logger may be missing from /rosout
[INFO] [1790430917.229255977] [moveit_828505026.moveit.core.robot_model]: Loading robot model 'kr6_r900_sixx'...
[INFO] [1790430917.229770516] [moveit_828505026.moveit.core.robot_model]: No root/virtual joint specified in SRDF. Assuming fixed joint
[WARN] [1790430918.218434162] [moveit_983506011]: exception thrown while creating node for logging: failed to create guard condition: context argument is null, at ./src/rcl/guard_condition.c:65
[WARN] [1790430918.219569897] [moveit_983506011]: if rclcpp::init was not called, messages from this logger may be missing from /rosout
[INFO] [1790430918.220384194] [moveit_983506011.moveit.core.robot_model]: Loading robot model 'kr6_r900_sixx'...
[INFO] [1790430918.220797244] [moveit_983506011.moveit.core.robot_model]: No root/virtual joint specified in SRDF. Assuming fixed joint
[WARN] [1790430919.215515501] [moveit_3180718746]: exception thrown while creating node for logging: failed to create guard condition: context argument is null, at ./src/rcl/guard_condition.c:65
[WARN] [1790430919.216535793] [moveit_3180718746]: if rclcpp::init was not called, messages from this logger may be missing from /rosout
[INFO] [1790430919.217468642] [moveit_3180718746.moveit.core.robot_model]: Loading robot model 'kr6_r900_sixx'...
[INFO] [1790430919.217744557] [moveit_3180718746.moveit.core.robot_model]: No root/virtual joint specified in SRDF. Assuming fixed joint
[WARN] [1790430920.204220540] [moveit_3992769614]: exception thrown while creating node for logging: failed to create guard condition: context argument is null, at ./src/rcl/guard_condition.c:65
[WARN] [1790430920.205383438] [moveit_3992769614]: if rclcpp::init was not called, messages from this logger may be missing from /rosout
[INFO] [1790430920.206408539] [moveit_3992769614.moveit.core.robot_model]: Loading robot model 'kr6_r900_sixx'...
[INFO] [1790430920.206802634] [moveit_3992769614.moveit.core.robot_model]: No root/virtual joint specified in SRDF. Assuming fixed joint
[WARN] [1790430921.197336041] [moveit_2790328433]: exception thrown while creating node for logging: failed to create guard condition: context argument is null, at ./src/rcl/guard_condition.c:65
[WARN] [1790430921.198593255] [moveit_2790328433]: if rclcpp::init was not called, messages from this logger may be missing from /rosout
[INFO] [1790430921.199516696] [moveit_2790328433.moveit.core.robot_model]: Loading robot model 'kr6_r900_sixx'...
[INFO] [1790430921.199911682] [moveit_2790328433.moveit.core.robot_model]: No root/virtual joint specified in SRDF. Assuming fixed joint
[WARN] [1790430922.183472261] [moveit_3889738214]: exception thrown while creating node for logging: failed to create guard condition: context argument is null, at ./src/rcl/guard_condition.c:65
[WARN] [1790430922.184489036] [moveit_3889738214]: if rclcpp::init was not called, messages from this logger may be missing from /rosout
[INFO] [1790430922.185166429] [moveit_3889738214.moveit.core.robot_model]: Loading robot model 'kr6_r900_sixx'...
[INFO] [1790430922.185448605] [moveit_3889738214.moveit.core.robot_model]: No root/virtual joint specified in SRDF. Assuming fixed joint
[WARN] [1790430923.190886868] [moveit_3128475605]: exception thrown while creating node for logging: failed to create guard condition: context argument is null, at ./src/rcl/guard_condition.c:65
[WARN] [1790430923.192466093] [moveit_3128475605]: if rclcpp::init was not called, messages from this logger may be missing from /rosout
[INFO] [1790430923.193544992] [moveit_3128475605.moveit.core.robot_model]: Loading robot model 'kr6_r900_sixx'...
[INFO] [1790430923.193923650] [moveit_3128475605.moveit.core.robot_model]: No root/virtual joint specified in SRDF. Assuming fixed joint
[WARN] [1790430924.170869593] [moveit_1858353698]: exception thrown while creating node for logging: failed to create guard condition: context argument is null, at ./src/rcl/guard_condition.c:65
[WARN] [1790430924.172564986] [moveit_1858353698]: if rclcpp::init was not called, messages from this logger may be missing from /rosout
[INFO] [1790430924.173618997] [moveit_1858353698.moveit.core.robot_model]: Loading robot model 'kr6_r900_sixx'...
[INFO] [1790430924.174082825] [moveit_1858353698.moveit.core.robot_model]: No root/virtual joint specified in SRDF. Assuming fixed joint
[WARN] [1790430925.177347229] [moveit_4085527809]: exception thrown while creating node for logging: failed to create guard condition: context argument is null, at ./src/rcl/guard_condition.c:65
[WARN] [1790430925.178509859] [moveit_4085527809]: if rclcpp::init was not called, messages from this logger may be missing from /rosout
[INFO] [1790430925.179444419] [moveit_4085527809.moveit.core.robot_model]: Loading robot model 'kr6_r900_sixx'...
[INFO] [1790430925.179837537] [moveit_4085527809.moveit.core.robot_model]: No root/virtual joint specified in SRDF. Assuming fixed joint
[WARN] [1790430926.179987146] [moveit_1086815691]: exception thrown while creating node for logging: failed to create guard condition: context argument is null, at ./src/rcl/guard_condition.c:65
[WARN] [1790430926.181321915] [moveit_1086815691]: if rclcpp::init was not called, messages from this logger may be missing from /rosout
[INFO] [1790430926.182321919] [moveit_1086815691.moveit.core.robot_model]: Loading robot model 'kr6_r900_sixx'...
[INFO] [1790430926.182725080] [moveit_1086815691.moveit.core.robot_model]: No root/virtual joint specified in SRDF. Assuming fixed joint
[WARN] [1790430927.177214079] [moveit_2509139550]: exception thrown while creating node for logging: failed to create guard condition: context argument is null, at ./src/rcl/guard_condition.c:65
[WARN] [1790430927.178602889] [moveit_2509139550]: if rclcpp::init was not called, messages from this logger may be missing from /rosout
[INFO] [1790430927.179590540] [moveit_2509139550.moveit.core.robot_model]: Loading robot model 'kr6_r900_sixx'...
[INFO] [1790430927.179969066] [moveit_2509139550.moveit.core.robot_model]: No root/virtual joint specified in SRDF. Assuming fixed joint
[WARN] [1790430928.171301249] [moveit_381640989]: exception thrown while creating node for logging: failed to create guard condition: context argument is null, at ./src/rcl/guard_condition.c:65
[WARN] [1790430928.172490506] [moveit_381640989]: if rclcpp::init was not called, messages from this logger may be missing from /rosout
[INFO] [1790430928.173470623] [moveit_381640989.moveit.core.robot_model]: Loading robot model 'kr6_r900_sixx'...
[INFO] [1790430928.173860180] [moveit_381640989.moveit.core.robot_model]: No root/virtual joint specified in SRDF. Assuming fixed joint
[WARN] [1790430929.162776619] [moveit_627224120]: exception thrown while creating node for logging: failed to create guard condition: context argument is null, at ./src/rcl/guard_condition.c:65
[WARN] [1790430929.164004178] [moveit_627224120]: if rclcpp::init was not called, messages from this logger may be missing from /rosout
[INFO] [1790430929.164874931] [moveit_627224120.moveit.core.robot_model]: Loading robot model 'kr6_r900_sixx'...
[INFO] [1790430929.165282892] [moveit_627224120.moveit.core.robot_model]: No root/virtual joint specified in SRDF. Assuming fixed joint
[WARN] [1790430930.157837004] [moveit_2751254531]: exception thrown while creating node for logging: failed to create guard condition: context argument is null, at ./src/rcl/guard_condition.c:65
[WARN] [1790430930.158893213] [moveit_2751254531]: if rclcpp::init was not called, messages from this logger may be missing from /rosout
[INFO] [1790430930.159679278] [moveit_2751254531.moveit.core.robot_model]: Loading robot model 'kr6_r900_sixx'...
[INFO] [1790430930.160006648] [moveit_2751254531.moveit.core.robot_model]: No root/virtual joint specified in SRDF. Assuming fixed joint
[WARN] [1790430931.154779687] [moveit_47188704]: exception thrown while creating node for logging: failed to create guard condition: context argument is null, at ./src/rcl/guard_condition.c:65
[WARN] [1790430931.155796182] [moveit_47188704]: if rclcpp::init was not called, messages from this logger may be missing from /rosout
[INFO] [1790430931.156662688] [moveit_47188704.moveit.core.robot_model]: Loading robot model 'kr6_r900_sixx'...
[INFO] [1790430931.157246837] [moveit_47188704.moveit.core.robot_model]: No root/virtual joint specified in SRDF. Assuming fixed joint
[WARN] [1790430932.156679605] [moveit_642433677]: exception thrown while creating node for logging: failed to create guard condition: context argument is null, at ./src/rcl/guard_condition.c:65
[WARN] [1790430932.157845114] [moveit_642433677]: if rclcpp::init was not called, messages from this logger may be missing from /rosout
[INFO] [1790430932.158588882] [moveit_642433677.moveit.core.robot_model]: Loading robot model 'kr6_r900_sixx'...
[INFO] [1790430932.158932868] [moveit_642433677.moveit.core.robot_model]: No root/virtual joint specified in SRDF. Assuming fixed joint
[WARN] [1790430933.149298010] [moveit_1667882584]: exception thrown while creating node for logging: failed to create guard condition: context argument is null, at ./src/rcl/guard_condition.c:65
[WARN] [1790430933.150749086] [moveit_1667882584]: if rclcpp::init was not called, messages from this logger may be missing from /rosout
[INFO] [1790430933.151592621] [moveit_1667882584.moveit.core.robot_model]: Loading robot model 'kr6_r900_sixx'...
[INFO] [1790430933.151967806] [moveit_1667882584.moveit.core.robot_model]: No root/virtual joint specified in SRDF. Assuming fixed joint
[WARN] [1790430934.137254377] [moveit_3998574963]: exception thrown while creating node for logging: failed to create guard condition: context argument is null, at ./src/rcl/guard_condition.c:65
[WARN] [1790430934.138629480] [moveit_3998574963]: if rclcpp::init was not called, messages from this logger may be missing from /rosout
[INFO] [1790430934.139653615] [moveit_3998574963.moveit.core.robot_model]: Loading robot model 'kr6_r900_sixx'...
[INFO] [1790430934.140178421] [moveit_3998574963.moveit.core.robot_model]: No root/virtual joint specified in SRDF. Assuming fixed joint
[WARN] [1790430935.145435522] [moveit_693801718]: exception thrown while creating node for logging: failed to create guard condition: context argument is null, at ./src/rcl/guard_condition.c:65
[WARN] [1790430935.146570564] [moveit_693801718]: if rclcpp::init was not called, messages from this logger may be missing from /rosout
[INFO] [1790430935.147773925] [moveit_693801718.moveit.core.robot_model]: Loading robot model 'kr6_r900_sixx'...
[INFO] [1790430935.148222618] [moveit_693801718.moveit.core.robot_model]: No root/virtual joint specified in SRDF. Assuming fixed joint
[WARN] [1790430936.148925012] [moveit_99978689]: exception thrown while creating node for logging: failed to create guard condition: context argument is null, at ./src/rcl/guard_condition.c:65
[WARN] [1790430936.150122652] [moveit_99978689]: if rclcpp::init was not called, messages from this logger may be missing from /rosout
[INFO] [1790430936.150874655] [moveit_99978689.moveit.core.robot_model]: Loading robot model 'kr6_r900_sixx'...
[INFO] [1790430936.151162406] [moveit_99978689.moveit.core.robot_model]: No root/virtual joint specified in SRDF. Assuming fixed joint
[WARN] [1790430937.158425827] [moveit_2509490740]: exception thrown while creating node for logging: failed to create guard condition: context argument is null, at ./src/rcl/guard_condition.c:65
[WARN] [1790430937.159367206] [moveit_2509490740]: if rclcpp::init was not called, messages from this logger may be missing from /rosout
[INFO] [1790430937.160303345] [moveit_2509490740.moveit.core.robot_model]: Loading robot model 'kr6_r900_sixx'...
[INFO] [1790430937.160631932] [moveit_2509490740.moveit.core.robot_model]: No root/virtual joint specified in SRDF. Assuming fixed joint
[WARN] [1790430938.165573400] [moveit_3071822541]: exception thrown while creating node for logging: failed to create guard condition: context argument is null, at ./src/rcl/guard_condition.c:65
[WARN] [1790430938.167058010] [moveit_3071822541]: if rclcpp::init was not called, messages from this logger may be missing from /rosout
[INFO] [1790430938.167934326] [moveit_3071822541.moveit.core.robot_model]: Loading robot model 'kr6_r900_sixx'...
[INFO] [1790430938.168227056] [moveit_3071822541.moveit.core.robot_model]: No root/virtual joint specified in SRDF. Assuming fixed joint
[WARN] [1790430939.166124981] [moveit_2507801495]: exception thrown while creating node for logging: failed to create guard condition: context argument is null, at ./src/rcl/guard_condition.c:65
[WARN] [1790430939.167318974] [moveit_2507801495]: if rclcpp::init was not called, messages from this logger may be missing from /rosout
[INFO] [1790430939.168195141] [moveit_2507801495.moveit.core.robot_model]: Loading robot model 'kr6_r900_sixx'...
[INFO] [1790430939.168572960] [moveit_2507801495.moveit.core.robot_model]: No root/virtual joint specified in SRDF. Assuming fixed joint
[WARN] [1790430940.162745708] [moveit_455263890]: exception thrown while creating node for logging: failed to create guard condition: context argument is null, at ./src/rcl/guard_condition.c:65
[WARN] [1790430940.163835213] [moveit_455263890]: if rclcpp::init was not called, messages from this logger may be missing from /rosout
[INFO] [1790430940.164779287] [moveit_455263890.moveit.core.robot_model]: Loading robot model 'kr6_r900_sixx'...
[INFO] [1790430940.165186187] [moveit_455263890.moveit.core.robot_model]: No root/virtual joint specified in SRDF. Assuming fixed joint
[WARN] [1790430941.150993015] [moveit_2977767823]: exception thrown while creating node for logging: failed to create guard condition: context argument is null, at ./src/rcl/guard_condition.c:65
[WARN] [1790430941.152164464] [moveit_2977767823]: if rclcpp::init was not called, messages from this logger may be missing from /rosout
[INFO] [1790430941.152968796] [moveit_2977767823.moveit.core.robot_model]: Loading robot model 'kr6_r900_sixx'...
[INFO] [1790430941.153303482] [moveit_2977767823.moveit.core.robot_model]: No root/virtual joint specified in SRDF. Assuming fixed joint
[WARN] [1790430942.133190871] [moveit_3847558784]: exception thrown while creating node for logging: failed to create guard condition: context argument is null, at ./src/rcl/guard_condition.c:65
[WARN] [1790430942.134466033] [moveit_3847558784]: if rclcpp::init was not called, messages from this logger may be missing from /rosout
[INFO] [1790430942.135434793] [moveit_3847558784.moveit.core.robot_model]: Loading robot model 'kr6_r900_sixx'...
[INFO] [1790430942.135864065] [moveit_3847558784.moveit.core.robot_model]: No root/virtual joint specified in SRDF. Assuming fixed joint
[WARN] [1790430943.129679715] [moveit_1339822467]: exception thrown while creating node for logging: failed to create guard condition: context argument is null, at ./src/rcl/guard_condition.c:65
[WARN] [1790430943.130870420] [moveit_1339822467]: if rclcpp::init was not called, messages from this logger may be missing from /rosout
[INFO] [1790430943.131675203] [moveit_1339822467.moveit.core.robot_model]: Loading robot model 'kr6_r900_sixx'...
[INFO] [1790430943.132018855] [moveit_1339822467.moveit.core.robot_model]: No root/virtual joint specified in SRDF. Assuming fixed joint
[WARN] [1790430944.127234843] [moveit_768711138]: exception thrown while creating node for logging: failed to create guard condition: context argument is null, at ./src/rcl/guard_condition.c:65
[WARN] [1790430944.128364994] [moveit_768711138]: if rclcpp::init was not called, messages from this logger may be missing from /rosout
[INFO] [1790430944.129200134] [moveit_768711138.moveit.core.robot_model]: Loading robot model 'kr6_r900_sixx'...
[INFO] [1790430944.129541172] [moveit_768711138.moveit.core.robot_model]: No root/virtual joint specified in SRDF. Assuming fixed joint
[WARN] [1790430945.115039037] [moveit_1174829344]: exception thrown while creating node for logging: failed to create guard condition: context argument is null, at ./src/rcl/guard_condition.c:65
[WARN] [1790430945.116296316] [moveit_1174829344]: if rclcpp::init was not called, messages from this logger may be missing from /rosout
[INFO] [1790430945.117089799] [moveit_1174829344.moveit.core.robot_model]: Loading robot model 'kr6_r900_sixx'...
[INFO] [1790430945.117508691] [moveit_1174829344.moveit.core.robot_model]: No root/virtual joint specified in SRDF. Assuming fixed joint
[WARN] [1790430946.114531393] [moveit_1254069110]: exception thrown while creating node for logging: failed to create guard condition: context argument is null, at ./src/rcl/guard_condition.c:65
[WARN] [1790430946.115622191] [moveit_1254069110]: if rclcpp::init was not called, messages from this logger may be missing from /rosout
[INFO] [1790430946.116551327] [moveit_1254069110.moveit.core.robot_model]: Loading robot model 'kr6_r900_sixx'...
[INFO] [1790430946.116856026] [moveit_1254069110.moveit.core.robot_model]: No root/virtual joint specified in SRDF. Assuming fixed joint
[WARN] [1790430947.110950308] [moveit_2450489031]: exception thrown while creating node for logging: failed to create guard condition: context argument is null, at ./src/rcl/guard_condition.c:65
[WARN] [1790430947.112347198] [moveit_2450489031]: if rclcpp::init was not called, messages from this logger may be missing from /rosout
[INFO] [1790430947.113187157] [moveit_2450489031.moveit.core.robot_model]: Loading robot model 'kr6_r900_sixx'...
[INFO] [1790430947.113466108] [moveit_2450489031.moveit.core.robot_model]: No root/virtual joint specified in SRDF. Assuming fixed joint
[WARN] [1790430948.114290839] [moveit_605568967]: exception thrown while creating node for logging: failed to create guard condition: context argument is null, at ./src/rcl/guard_condition.c:65
[WARN] [1790430948.115540168] [moveit_605568967]: if rclcpp::init was not called, messages from this logger may be missing from /rosout
[INFO] [1790430948.116308549] [moveit_605568967.moveit.core.robot_model]: Loading robot model 'kr6_r900_sixx'...
[INFO] [1790430948.116720888] [moveit_605568967.moveit.core.robot_model]: No root/virtual joint specified in SRDF. Assuming fixed joint
[WARN] [1790430949.107153981] [moveit_1041673582]: exception thrown while creating node for logging: failed to create guard condition: context argument is null, at ./src/rcl/guard_condition.c:65
[WARN] [1790430949.108342886] [moveit_1041673582]: if rclcpp::init was not called, messages from this logger may be missing from /rosout
[INFO] [1790430949.109428156] [moveit_1041673582.moveit.core.robot_model]: Loading robot model 'kr6_r900_sixx'...
[INFO] [1790430949.109862476] [moveit_1041673582.moveit.core.robot_model]: No root/virtual joint specified in SRDF. Assuming fixed joint
[WARN] [1790430950.109373873] [moveit_4039492210]: exception thrown while creating node for logging: failed to create guard condition: context argument is null, at ./src/rcl/guard_condition.c:65
[WARN] [1790430950.110499339] [moveit_4039492210]: if rclcpp::init was not called, messages from this logger may be missing from /rosout
[INFO] [1790430950.111538932] [moveit_4039492210.moveit.core.robot_model]: Loading robot model 'kr6_r900_sixx'...
[INFO] [1790430950.111926213] [moveit_4039492210.moveit.core.robot_model]: No root/virtual joint specified in SRDF. Assuming fixed joint
[WARN] [1790430951.092313144] [moveit_3846402652]: exception thrown while creating node for logging: failed to create guard condition: context argument is null, at ./src/rcl/guard_condition.c:65
[WARN] [1790430951.093652924] [moveit_3846402652]: if rclcpp::init was not called, messages from this logger may be missing from /rosout
[INFO] [1790430951.094553735] [moveit_3846402652.moveit.core.robot_model]: Loading robot model 'kr6_r900_sixx'...
[INFO] [1790430951.094958069] [moveit_3846402652.moveit.core.robot_model]: No root/virtual joint specified in SRDF. Assuming fixed joint
[WARN] [1790430952.082358164] [moveit_2583948799]: exception thrown while creating node for logging: failed to create guard condition: context argument is null, at ./src/rcl/guard_condition.c:65
[WARN] [1790430952.084242433] [moveit_2583948799]: if rclcpp::init was not called, messages from this logger may be missing from /rosout
[INFO] [1790430952.085253609] [moveit_2583948799.moveit.core.robot_model]: Loading robot model 'kr6_r900_sixx'...
[INFO] [1790430952.085655471] [moveit_2583948799.moveit.core.robot_model]: No root/virtual joint specified in SRDF. Assuming fixed joint
[WARN] [1790430953.088958840] [moveit_2712377726]: exception thrown while creating node for logging: failed to create guard condition: context argument is null, at ./src/rcl/guard_condition.c:65
[WARN] [1790430953.090292689] [moveit_2712377726]: if rclcpp::init was not called, messages from this logger may be missing from /rosout
[INFO] [1790430953.091142434] [moveit_2712377726.moveit.core.robot_model]: Loading robot model 'kr6_r900_sixx'...
[INFO] [1790430953.091583717] [moveit_2712377726.moveit.core.robot_model]: No root/virtual joint specified in SRDF. Assuming fixed joint
[WARN] [1790430954.087171073] [moveit_71429319]: exception thrown while creating node for logging: failed to create guard condition: context argument is null, at ./src/rcl/guard_condition.c:65
[WARN] [1790430954.088605893] [moveit_71429319]: if rclcpp::init was not called, messages from this logger may be missing from /rosout
[INFO] [1790430954.089578941] [moveit_71429319.moveit.core.robot_model]: Loading robot model 'kr6_r900_sixx'...
[INFO] [1790430954.089908093] [moveit_71429319.moveit.core.robot_model]: No root/virtual joint specified in SRDF. Assuming fixed joint
[WARN] [1790430955.074467643] [moveit_2161445275]: exception thrown while creating node for logging: failed to create guard condition: context argument is null, at ./src/rcl/guard_condition.c:65
[WARN] [1790430955.075669273] [moveit_2161445275]: if rclcpp::init was not called, messages from this logger may be missing from /rosout
[INFO] [1790430955.076724726] [moveit_2161445275.moveit.core.robot_model]: Loading robot model 'kr6_r900_sixx'...
[INFO] [1790430955.077072733] [moveit_2161445275.moveit.core.robot_model]: No root/virtual joint specified in SRDF. Assuming fixed joint
[WARN] [1790430956.075010256] [moveit_2359062919]: exception thrown while creating node for logging: failed to create guard condition: context argument is null, at ./src/rcl/guard_condition.c:65
[WARN] [1790430956.076451492] [moveit_2359062919]: if rclcpp::init was not called, messages from this logger may be missing from /rosout
[INFO] [1790430956.077577734] [moveit_2359062919.moveit.core.robot_model]: Loading robot model 'kr6_r900_sixx'...
[INFO] [1790430956.077930128] [moveit_2359062919.moveit.core.robot_model]: No root/virtual joint specified in SRDF. Assuming fixed joint
[WARN] [1790430957.072282418] [moveit_3143517680]: exception thrown while creating node for logging: failed to create guard condition: context argument is null, at ./src/rcl/guard_condition.c:65
[WARN] [1790430957.073617174] [moveit_3143517680]: if rclcpp::init was not called, messages from this logger may be missing from /rosout
[INFO] [1790430957.074568858] [moveit_3143517680.moveit.core.robot_model]: Loading robot model 'kr6_r900_sixx'...
[INFO] [1790430957.074960506] [moveit_3143517680.moveit.core.robot_model]: No root/virtual joint specified in SRDF. Assuming fixed joint
[WARN] [1790430958.077780362] [moveit_154195032]: exception thrown while creating node for logging: failed to create guard condition: context argument is null, at ./src/rcl/guard_condition.c:65
[WARN] [1790430958.078932534] [moveit_154195032]: if rclcpp::init was not called, messages from this logger may be missing from /rosout
[INFO] [1790430958.079849331] [moveit_154195032.moveit.core.robot_model]: Loading robot model 'kr6_r900_sixx'...
[INFO] [1790430958.080190705] [moveit_154195032.moveit.core.robot_model]: No root/virtual joint specified in SRDF. Assuming fixed joint
[WARN] [1790430959.083620391] [moveit_3721214528]: exception thrown while creating node for logging: failed to create guard condition: context argument is null, at ./src/rcl/guard_condition.c:65
[WARN] [1790430959.085101352] [moveit_3721214528]: if rclcpp::init was not called, messages from this logger may be missing from /rosout
[INFO] [1790430959.086077732] [moveit_3721214528.moveit.core.robot_model]: Loading robot model 'kr6_r900_sixx'...
[INFO] [1790430959.086451315] [moveit_3721214528.moveit.core.robot_model]: No root/virtual joint specified in SRDF. Assuming fixed joint
[WARN] [1790430960.081278421] [moveit_331410265]: exception thrown while creating node for logging: failed to create guard condition: context argument is null, at ./src/rcl/guard_condition.c:65
[WARN] [1790430960.082649164] [moveit_331410265]: if rclcpp::init was not called, messages from this logger may be missing from /rosout
[INFO] [1790430960.083715273] [moveit_331410265.moveit.core.robot_model]: Loading robot model 'kr6_r900_sixx'...
[INFO] [1790430960.084137118] [moveit_331410265.moveit.core.robot_model]: No root/virtual joint specified in SRDF. Assuming fixed joint
[WARN] [1790430961.083797310] [moveit_2798593504]: exception thrown while creating node for logging: failed to create guard condition: context argument is null, at ./src/rcl/guard_condition.c:65
[WARN] [1790430961.084863970] [moveit_2798593504]: if rclcpp::init was not called, messages from this logger may be missing from /rosout
[INFO] [1790430961.085912016] [moveit_2798593504.moveit.core.robot_model]: Loading robot model 'kr6_r900_sixx'...
[INFO] [1790430961.086418981] [moveit_2798593504.moveit.core.robot_model]: No root/virtual joint specified in SRDF. Assuming fixed joint
[WARN] [1790430962.073044009] [moveit_3903633826]: exception thrown while creating node for logging: failed to create guard condition: context argument is null, at ./src/rcl/guard_condition.c:65
[WARN] [1790430962.074223823] [moveit_3903633826]: if rclcpp::init was not called, messages from this logger may be missing from /rosout
[INFO] [1790430962.075350837] [moveit_3903633826.moveit.core.robot_model]: Loading robot model 'kr6_r900_sixx'...
[INFO] [1790430962.075836422] [moveit_3903633826.moveit.core.robot_model]: No root/virtual joint specified in SRDF. Assuming fixed joint
[WARN] [1790430963.088575070] [moveit_1986340015]: exception thrown while creating node for logging: failed to create guard condition: context argument is null, at ./src/rcl/guard_condition.c:65
[WARN] [1790430963.090175776] [moveit_1986340015]: if rclcpp::init was not called, messages from this logger may be missing from /rosout
[INFO] [1790430963.092155357] [moveit_1986340015.moveit.core.robot_model]: Loading robot model 'kr6_r900_sixx'...
[INFO] [1790430963.092594514] [moveit_1986340015.moveit.core.robot_model]: No root/virtual joint specified in SRDF. Assuming fixed joint
[WARN] [1790430964.094587108] [moveit_522508549]: exception thrown while creating node for logging: failed to create guard condition: context argument is null, at ./src/rcl/guard_condition.c:65
[WARN] [1790430964.095821343] [moveit_522508549]: if rclcpp::init was not called, messages from this logger may be missing from /rosout
[INFO] [1790430964.096609196] [moveit_522508549.moveit.core.robot_model]: Loading robot model 'kr6_r900_sixx'...
[INFO] [1790430964.096921164] [moveit_522508549.moveit.core.robot_model]: No root/virtual joint specified in SRDF. Assuming fixed joint
[WARN] [1790430965.096867821] [moveit_1363701334]: exception thrown while creating node for logging: failed to create guard condition: context argument is null, at ./src/rcl/guard_condition.c:65
[WARN] [1790430965.098965692] [moveit_1363701334]: if rclcpp::init was not called, messages from this logger may be missing from /rosout
[INFO] [1790430965.099956738] [moveit_1363701334.moveit.core.robot_model]: Loading robot model 'kr6_r900_sixx'...
[INFO] [1790430965.100377861] [moveit_1363701334.moveit.core.robot_model]: No root/virtual joint specified in SRDF. Assuming fixed joint
[WARN] [1790430966.107639965] [moveit_1101187867]: exception thrown while creating node for logging: failed to create guard condition: context argument is null, at ./src/rcl/guard_condition.c:65
[WARN] [1790430966.108823474] [moveit_1101187867]: if rclcpp::init was not called, messages from this logger may be missing from /rosout
[INFO] [1790430966.109802889] [moveit_1101187867.moveit.core.robot_model]: Loading robot model 'kr6_r900_sixx'...
[INFO] [1790430966.110221808] [moveit_1101187867.moveit.core.robot_model]: No root/virtual joint specified in SRDF. Assuming fixed joint
[WARN] [1790430967.117038904] [moveit_1813150188]: exception thrown while creating node for logging: failed to create guard condition: context argument is null, at ./src/rcl/guard_condition.c:65
[WARN] [1790430967.118230758] [moveit_1813150188]: if rclcpp::init was not called, messages from this logger may be missing from /rosout
[INFO] [1790430967.119207668] [moveit_1813150188.moveit.core.robot_model]: Loading robot model 'kr6_r900_sixx'...
[INFO] [1790430967.119644931] [moveit_1813150188.moveit.core.robot_model]: No root/virtual joint specified in SRDF. Assuming fixed joint
[WARN] [1790430968.113358050] [moveit_1956711046]: exception thrown while creating node for logging: failed to create guard condition: context argument is null, at ./src/rcl/guard_condition.c:65
[WARN] [1790430968.114939438] [moveit_1956711046]: if rclcpp::init was not called, messages from this logger may be missing from /rosout
[INFO] [1790430968.115913643] [moveit_1956711046.moveit.core.robot_model]: Loading robot model 'kr6_r900_sixx'...
[INFO] [1790430968.116435696] [moveit_1956711046.moveit.core.robot_model]: No root/virtual joint specified in SRDF. Assuming fixed joint
[WARN] [1790430969.107946817] [moveit_1805246856]: exception thrown while creating node for logging: failed to create guard condition: context argument is null, at ./src/rcl/guard_condition.c:65
[WARN] [1790430969.109268787] [moveit_1805246856]: if rclcpp::init was not called, messages from this logger may be missing from /rosout
[INFO] [1790430969.110234976] [moveit_1805246856.moveit.core.robot_model]: Loading robot model 'kr6_r900_sixx'...
[INFO] [1790430969.110636934] [moveit_1805246856.moveit.core.robot_model]: No root/virtual joint specified in SRDF. Assuming fixed joint
[WARN] [1790430970.086607728] [moveit_84221016]: exception thrown while creating node for logging: failed to create guard condition: context argument is null, at ./src/rcl/guard_condition.c:65
[WARN] [1790430970.087416441] [moveit_84221016]: if rclcpp::init was not called, messages from this logger may be missing from /rosout
[INFO] [1790430970.088102263] [moveit_84221016.moveit.core.robot_model]: Loading robot model 'kr6_r900_sixx'...
[INFO] [1790430970.088515652] [moveit_84221016.moveit.core.robot_model]: No root/virtual joint specified in SRDF. Assuming fixed joint
[WARN] [1790430971.077739094] [moveit_2629815051]: exception thrown while creating node for logging: failed to create guard condition: context argument is null, at ./src/rcl/guard_condition.c:65
[WARN] [1790430971.079325131] [moveit_2629815051]: if rclcpp::init was not called, messages from this logger may be missing from /rosout
[INFO] [1790430971.080762468] [moveit_2629815051.moveit.core.robot_model]: Loading robot model 'kr6_r900_sixx'...
[INFO] [1790430971.081144227] [moveit_2629815051.moveit.core.robot_model]: No root/virtual joint specified in SRDF. Assuming fixed joint
[WARN] [1790430972.074816436] [moveit_768673201]: exception thrown while creating node for logging: failed to create guard condition: context argument is null, at ./src/rcl/guard_condition.c:65
[WARN] [1790430972.076425876] [moveit_768673201]: if rclcpp::init was not called, messages from this logger may be missing from /rosout
[INFO] [1790430972.077518583] [moveit_768673201.moveit.core.robot_model]: Loading robot model 'kr6_r900_sixx'...
[INFO] [1790430972.077958933] [moveit_768673201.moveit.core.robot_model]: No root/virtual joint specified in SRDF. Assuming fixed joint
[WARN] [1790430973.061728588] [moveit_2780879115]: exception thrown while creating node for logging: failed to create guard condition: context argument is null, at ./src/rcl/guard_condition.c:65
[WARN] [1790430973.062874355] [moveit_2780879115]: if rclcpp::init was not called, messages from this logger may be missing from /rosout
[INFO] [1790430973.063911468] [moveit_2780879115.moveit.core.robot_model]: Loading robot model 'kr6_r900_sixx'...
[INFO] [1790430973.064288027] [moveit_2780879115.moveit.core.robot_model]: No root/virtual joint specified in SRDF. Assuming fixed joint
[WARN] [1790430974.057531709] [moveit_676501530]: exception thrown while creating node for logging: failed to create guard condition: context argument is null, at ./src/rcl/guard_condition.c:65
[WARN] [1790430974.058662868] [moveit_676501530]: if rclcpp::init was not called, messages from this logger may be missing from /rosout
[INFO] [1790430974.059620201] [moveit_676501530.moveit.core.robot_model]: Loading robot model 'kr6_r900_sixx'...
[INFO] [1790430974.059954029] [moveit_676501530.moveit.core.robot_model]: No root/virtual joint specified in SRDF. Assuming fixed joint
[WARN] [1790430975.048429202] [moveit_2844400198]: exception thrown while creating node for logging: failed to create guard condition: context argument is null, at ./src/rcl/guard_condition.c:65
[WARN] [1790430975.049523162] [moveit_2844400198]: if rclcpp::init was not called, messages from this logger may be missing from /rosout
[INFO] [1790430975.050406645] [moveit_2844400198.moveit.core.robot_model]: Loading robot model 'kr6_r900_sixx'...
[INFO] [1790430975.050855941] [moveit_2844400198.moveit.core.robot_model]: No root/virtual joint specified in SRDF. Assuming fixed joint
[WARN] [1790430976.035664322] [moveit_3919844169]: exception thrown while creating node for logging: failed to create guard condition: context argument is null, at ./src/rcl/guard_condition.c:65
[WARN] [1790430976.036903555] [moveit_3919844169]: if rclcpp::init was not called, messages from this logger may be missing from /rosout
[INFO] [1790430976.037909629] [moveit_3919844169.moveit.core.robot_model]: Loading robot model 'kr6_r900_sixx'...
[INFO] [1790430976.038402747] [moveit_3919844169.moveit.core.robot_model]: No root/virtual joint specified in SRDF. Assuming fixed joint
[WARN] [1790430977.028098820] [moveit_2262065363]: exception thrown while creating node for logging: failed to create guard condition: context argument is null, at ./src/rcl/guard_condition.c:65
[WARN] [1790430977.029267000] [moveit_2262065363]: if rclcpp::init was not called, messages from this logger may be missing from /rosout
[INFO] [1790430977.030422585] [moveit_2262065363.moveit.core.robot_model]: Loading robot model 'kr6_r900_sixx'...
[INFO] [1790430977.030781591] [moveit_2262065363.moveit.core.robot_model]: No root/virtual joint specified in SRDF. Assuming fixed joint
[WARN] [1790430978.015392972] [moveit_309802106]: exception thrown while creating node for logging: failed to create guard condition: context argument is null, at ./src/rcl/guard_condition.c:65
[WARN] [1790430978.016596157] [moveit_309802106]: if rclcpp::init was not called, messages from this logger may be missing from /rosout
[INFO] [1790430978.017491723] [moveit_309802106.moveit.core.robot_model]: Loading robot model 'kr6_r900_sixx'...
[INFO] [1790430978.017903769] [moveit_309802106.moveit.core.robot_model]: No root/virtual joint specified in SRDF. Assuming fixed joint
[WARN] [1790430979.000495777] [moveit_2043161076]: exception thrown while creating node for logging: failed to create guard condition: context argument is null, at ./src/rcl/guard_condition.c:65
[WARN] [1790430979.001768694] [moveit_2043161076]: if rclcpp::init was not called, messages from this logger may be missing from /rosout
[INFO] [1790430979.002628733] [moveit_2043161076.moveit.core.robot_model]: Loading robot model 'kr6_r900_sixx'...
[INFO] [1790430979.003134054] [moveit_2043161076.moveit.core.robot_model]: No root/virtual joint specified in SRDF. Assuming fixed joint
[WARN] [1790430979.999905669] [moveit_2928622606]: exception thrown while creating node for logging: failed to create guard condition: context argument is null, at ./src/rcl/guard_condition.c:65
[WARN] [1790430980.001050444] [moveit_2928622606]: if rclcpp::init was not called, messages from this logger may be missing from /rosout
[INFO] [1790430980.001879845] [moveit_2928622606.moveit.core.robot_model]: Loading robot model 'kr6_r900_sixx'...
[INFO] [1790430980.002262676] [moveit_2928622606.moveit.core.robot_model]: No root/virtual joint specified in SRDF. Assuming fixed joint
[WARN] [1790430980.997036839] [moveit_2656761788]: exception thrown while creating node for logging: failed to create guard condition: context argument is null, at ./src/rcl/guard_condition.c:65
[WARN] [1790430980.998759813] [moveit_2656761788]: if rclcpp::init was not called, messages from this logger may be missing from /rosout
[INFO] [1790430980.999718116] [moveit_2656761788.moveit.core.robot_model]: Loading robot model 'kr6_r900_sixx'...
[INFO] [1790430981.000115484] [moveit_2656761788.moveit.core.robot_model]: No root/virtual joint specified in SRDF. Assuming fixed joint
[WARN] [1790430981.998879107] [moveit_3570962971]: exception thrown while creating node for logging: failed to create guard condition: context argument is null, at ./src/rcl/guard_condition.c:65
[WARN] [1790430982.000499347] [moveit_3570962971]: if rclcpp::init was not called, messages from this logger may be missing from /rosout
[INFO] [1790430982.001557228] [moveit_3570962971.moveit.core.robot_model]: Loading robot model 'kr6_r900_sixx'...
[INFO] [1790430982.002080774] [moveit_3570962971.moveit.core.robot_model]: No root/virtual joint specified in SRDF. Assuming fixed joint
[WARN] [1790430982.992709544] [moveit_1766363643]: exception thrown while creating node for logging: failed to create guard condition: context argument is null, at ./src/rcl/guard_condition.c:65
[WARN] [1790430982.994093359] [moveit_1766363643]: if rclcpp::init was not called, messages from this logger may be missing from /rosout
[INFO] [1790430982.994925375] [moveit_1766363643.moveit.core.robot_model]: Loading robot model 'kr6_r900_sixx'...
[INFO] [1790430982.995311842] [moveit_1766363643.moveit.core.robot_model]: No root/virtual joint specified in SRDF. Assuming fixed joint
[WARN] [1790430983.990826409] [moveit_1687505761]: exception thrown while creating node for logging: failed to create guard condition: context argument is null, at ./src/rcl/guard_condition.c:65
[WARN] [1790430983.991950024] [moveit_1687505761]: if rclcpp::init was not called, messages from this logger may be missing from /rosout
[INFO] [1790430983.992842944] [moveit_1687505761.moveit.core.robot_model]: Loading robot model 'kr6_r900_sixx'...
[INFO] [1790430983.993194967] [moveit_1687505761.moveit.core.robot_model]: No root/virtual joint specified in SRDF. Assuming fixed joint
[WARN] [1790430984.988086932] [moveit_283318958]: exception thrown while creating node for logging: failed to create guard condition: context argument is null, at ./src/rcl/guard_condition.c:65
[WARN] [1790430984.989033895] [moveit_283318958]: if rclcpp::init was not called, messages from this logger may be missing from /rosout
[INFO] [1790430984.989808844] [moveit_283318958.moveit.core.robot_model]: Loading robot model 'kr6_r900_sixx'...
[INFO] [1790430984.990205911] [moveit_283318958.moveit.core.robot_model]: No root/virtual joint specified in SRDF. Assuming fixed joint
[WARN] [1790430985.981863728] [moveit_1146385254]: exception thrown while creating node for logging: failed to create guard condition: context argument is null, at ./src/rcl/guard_condition.c:65
[WARN] [1790430985.983338814] [moveit_1146385254]: if rclcpp::init was not called, messages from this logger may be missing from /rosout
[INFO] [1790430985.984345279] [moveit_1146385254.moveit.core.robot_model]: Loading robot model 'kr6_r900_sixx'...
[INFO] [1790430985.984877841] [moveit_1146385254.moveit.core.robot_model]: No root/virtual joint specified in SRDF. Assuming fixed joint
[WARN] [1790430986.977110079] [moveit_3198058941]: exception thrown while creating node for logging: failed to create guard condition: context argument is null, at ./src/rcl/guard_condition.c:65
[WARN] [1790430986.978481000] [moveit_3198058941]: if rclcpp::init was not called, messages from this logger may be missing from /rosout
[INFO] [1790430986.979335158] [moveit_3198058941.moveit.core.robot_model]: Loading robot model 'kr6_r900_sixx'...
[INFO] [1790430986.979816634] [moveit_3198058941.moveit.core.robot_model]: No root/virtual joint specified in SRDF. Assuming fixed joint
[WARN] [1790430987.965681523] [moveit_3759415549]: exception thrown while creating node for logging: failed to create guard condition: context argument is null, at ./src/rcl/guard_condition.c:65
[WARN] [1790430987.966728914] [moveit_3759415549]: if rclcpp::init was not called, messages from this logger may be missing from /rosout
[INFO] [1790430987.967610584] [moveit_3759415549.moveit.core.robot_model]: Loading robot model 'kr6_r900_sixx'...
[INFO] [1790430987.968063667] [moveit_3759415549.moveit.core.robot_model]: No root/virtual joint specified in SRDF. Assuming fixed joint
[WARN] [1790430988.966540954] [moveit_3415014663]: exception thrown while creating node for logging: failed to create guard condition: context argument is null, at ./src/rcl/guard_condition.c:65
[WARN] [1790430988.967962229] [moveit_3415014663]: if rclcpp::init was not called, messages from this logger may be missing from /rosout
[INFO] [1790430988.968998320] [moveit_3415014663.moveit.core.robot_model]: Loading robot model 'kr6_r900_sixx'...
[INFO] [1790430988.969392401] [moveit_3415014663.moveit.core.robot_model]: No root/virtual joint specified in SRDF. Assuming fixed joint
[WARN] [1790430989.945295568] [moveit_3165027447]: exception thrown while creating node for logging: failed to create guard condition: context argument is null, at ./src/rcl/guard_condition.c:65
[WARN] [1790430989.947091769] [moveit_3165027447]: if rclcpp::init was not called, messages from this logger may be missing from /rosout
[INFO] [1790430989.948308278] [moveit_3165027447.moveit.core.robot_model]: Loading robot model 'kr6_r900_sixx'...
[INFO] [1790430989.948755991] [moveit_3165027447.moveit.core.robot_model]: No root/virtual joint specified in SRDF. Assuming fixed joint
[WARN] [1790430990.942751583] [moveit_1969445019]: exception thrown while creating node for logging: failed to create guard condition: context argument is null, at ./src/rcl/guard_condition.c:65
[WARN] [1790430990.943822428] [moveit_1969445019]: if rclcpp::init was not called, messages from this logger may be missing from /rosout
[INFO] [1790430990.944769080] [moveit_1969445019.moveit.core.robot_model]: Loading robot model 'kr6_r900_sixx'...
[INFO] [1790430990.945272648] [moveit_1969445019.moveit.core.robot_model]: No root/virtual joint specified in SRDF. Assuming fixed joint
[WARN] [1790430991.949873211] [moveit_233621289]: exception thrown while creating node for logging: failed to create guard condition: context argument is null, at ./src/rcl/guard_condition.c:65
[WARN] [1790430991.951170303] [moveit_233621289]: if rclcpp::init was not called, messages from this logger may be missing from /rosout
[INFO] [1790430991.952117937] [moveit_233621289.moveit.core.robot_model]: Loading robot model 'kr6_r900_sixx'...
[INFO] [1790430991.952547766] [moveit_233621289.moveit.core.robot_model]: No root/virtual joint specified in SRDF. Assuming fixed joint
[WARN] [1790430992.958603036] [moveit_2014499982]: exception thrown while creating node for logging: failed to create guard condition: context argument is null, at ./src/rcl/guard_condition.c:65
[WARN] [1790430992.960329216] [moveit_2014499982]: if rclcpp::init was not called, messages from this logger may be missing from /rosout
[INFO] [1790430992.961244739] [moveit_2014499982.moveit.core.robot_model]: Loading robot model 'kr6_r900_sixx'...
[INFO] [1790430992.961796127] [moveit_2014499982.moveit.core.robot_model]: No root/virtual joint specified in SRDF. Assuming fixed joint
[WARN] [1790430993.957337508] [moveit_1134499573]: exception thrown while creating node for logging: failed to create guard condition: context argument is null, at ./src/rcl/guard_condition.c:65
[WARN] [1790430993.958544790] [moveit_1134499573]: if rclcpp::init was not called, messages from this logger may be missing from /rosout
[INFO] [1790430993.959579347] [moveit_1134499573.moveit.core.robot_model]: Loading robot model 'kr6_r900_sixx'...
[INFO] [1790430993.960020738] [moveit_1134499573.moveit.core.robot_model]: No root/virtual joint specified in SRDF. Assuming fixed joint
[WARN] [1790430994.961796284] [moveit_1667683236]: exception thrown while creating node for logging: failed to create guard condition: context argument is null, at ./src/rcl/guard_condition.c:65
[WARN] [1790430994.963134563] [moveit_1667683236]: if rclcpp::init was not called, messages from this logger may be missing from /rosout
[INFO] [1790430994.964117493] [moveit_1667683236.moveit.core.robot_model]: Loading robot model 'kr6_r900_sixx'...
[INFO] [1790430994.964497128] [moveit_1667683236.moveit.core.robot_model]: No root/virtual joint specified in SRDF. Assuming fixed joint
[WARN] [1790430995.947257946] [moveit_1268128143]: exception thrown while creating node for logging: failed to create guard condition: context argument is null, at ./src/rcl/guard_condition.c:65
[WARN] [1790430995.948883160] [moveit_1268128143]: if rclcpp::init was not called, messages from this logger may be missing from /rosout
[INFO] [1790430995.949892421] [moveit_1268128143.moveit.core.robot_model]: Loading robot model 'kr6_r900_sixx'...
[INFO] [1790430995.950260641] [moveit_1268128143.moveit.core.robot_model]: No root/virtual joint specified in SRDF. Assuming fixed joint
[WARN] [1790430996.942640971] [moveit_448658741]: exception thrown while creating node for logging: failed to create guard condition: context argument is null, at ./src/rcl/guard_condition.c:65
[WARN] [1790430996.945235727] [moveit_448658741]: if rclcpp::init was not called, messages from this logger may be missing from /rosout
[INFO] [1790430996.945901422] [moveit_448658741.moveit.core.robot_model]: Loading robot model 'kr6_r900_sixx'...
[INFO] [1790430996.946204860] [moveit_448658741.moveit.core.robot_model]: No root/virtual joint specified in SRDF. Assuming fixed joint
[WARN] [1790430997.940352702] [moveit_75906841]: exception thrown while creating node for logging: failed to create guard condition: context argument is null, at ./src/rcl/guard_condition.c:65
[WARN] [1790430997.941498496] [moveit_75906841]: if rclcpp::init was not called, messages from this logger may be missing from /rosout
[INFO] [1790430997.942296700] [moveit_75906841.moveit.core.robot_model]: Loading robot model 'kr6_r900_sixx'...
[INFO] [1790430997.942682151] [moveit_75906841.moveit.core.robot_model]: No root/virtual joint specified in SRDF. Assuming fixed joint
[WARN] [1790430998.923063924] [moveit_828460380]: exception thrown while creating node for logging: failed to create guard condition: context argument is null, at ./src/rcl/guard_condition.c:65
[WARN] [1790430998.924365309] [moveit_828460380]: if rclcpp::init was not called, messages from this logger may be missing from /rosout
[INFO] [1790430998.925207856] [moveit_828460380.moveit.core.robot_model]: Loading robot model 'kr6_r900_sixx'...
[INFO] [1790430998.925659621] [moveit_828460380.moveit.core.robot_model]: No root/virtual joint specified in SRDF. Assuming fixed joint
[WARN] [1790430999.922639753] [moveit_4003936450]: exception thrown while creating node for logging: failed to create guard condition: context argument is null, at ./src/rcl/guard_condition.c:65
[WARN] [1790430999.923888881] [moveit_4003936450]: if rclcpp::init was not called, messages from this logger may be missing from /rosout
[INFO] [1790430999.924790858] [moveit_4003936450.moveit.core.robot_model]: Loading robot model 'kr6_r900_sixx'...
[INFO] [1790430999.925259175] [moveit_4003936450.moveit.core.robot_model]: No root/virtual joint specified in SRDF. Assuming fixed joint
[WARN] [1790431000.926531539] [moveit_1846032310]: exception thrown while creating node for logging: failed to create guard condition: context argument is null, at ./src/rcl/guard_condition.c:65
[WARN] [1790431000.927766359] [moveit_1846032310]: if rclcpp::init was not called, messages from this logger may be missing from /rosout
[INFO] [1790431000.928680400] [moveit_1846032310.moveit.core.robot_model]: Loading robot model 'kr6_r900_sixx'...
[INFO] [1790431000.929106968] [moveit_1846032310.moveit.core.robot_model]: No root/virtual joint specified in SRDF. Assuming fixed joint
[WARN] [1790431001.927976936] [moveit_690505026]: exception thrown while creating node for logging: failed to create guard condition: context argument is null, at ./src/rcl/guard_condition.c:65
[WARN] [1790431001.929141866] [moveit_690505026]: if rclcpp::init was not called, messages from this logger may be missing from /rosout
[INFO] [1790431001.930002647] [moveit_690505026.moveit.core.robot_model]: Loading robot model 'kr6_r900_sixx'...
[INFO] [1790431001.930374222] [moveit_690505026.moveit.core.robot_model]: No root/virtual joint specified in SRDF. Assuming fixed joint
[WARN] [1790431002.910839381] [moveit_2488197552]: exception thrown while creating node for logging: failed to create guard condition: context argument is null, at ./src/rcl/guard_condition.c:65
[WARN] [1790431002.912102505] [moveit_2488197552]: if rclcpp::init was not called, messages from this logger may be missing from /rosout
[INFO] [1790431002.912959679] [moveit_2488197552.moveit.core.robot_model]: Loading robot model 'kr6_r900_sixx'...
[INFO] [1790431002.913331825] [moveit_2488197552.moveit.core.robot_model]: No root/virtual joint specified in SRDF. Assuming fixed joint
[WARN] [1790431003.899828646] [moveit_3691551455]: exception thrown while creating node for logging: failed to create guard condition: context argument is null, at ./src/rcl/guard_condition.c:65
[WARN] [1790431003.900984130] [moveit_3691551455]: if rclcpp::init was not called, messages from this logger may be missing from /rosout
[INFO] [1790431003.901859854] [moveit_3691551455.moveit.core.robot_model]: Loading robot model 'kr6_r900_sixx'...
[INFO] [1790431003.902224661] [moveit_3691551455.moveit.core.robot_model]: No root/virtual joint specified in SRDF. Assuming fixed joint
[WARN] [1790431004.904465327] [moveit_3609002908]: exception thrown while creating node for logging: failed to create guard condition: context argument is null, at ./src/rcl/guard_condition.c:65
[WARN] [1790431004.905899047] [moveit_3609002908]: if rclcpp::init was not called, messages from this logger may be missing from /rosout
[INFO] [1790431004.906820466] [moveit_3609002908.moveit.core.robot_model]: Loading robot model 'kr6_r900_sixx'...
[INFO] [1790431004.907334228] [moveit_3609002908.moveit.core.robot_model]: No root/virtual joint specified in SRDF. Assuming fixed joint
[WARN] [1790431005.900111515] [moveit_1078448064]: exception thrown while creating node for logging: failed to create guard condition: context argument is null, at ./src/rcl/guard_condition.c:65
[WARN] [1790431005.901212557] [moveit_1078448064]: if rclcpp::init was not called, messages from this logger may be missing from /rosout
[INFO] [1790431005.901935308] [moveit_1078448064.moveit.core.robot_model]: Loading robot model 'kr6_r900_sixx'...
[INFO] [1790431005.902339458] [moveit_1078448064.moveit.core.robot_model]: No root/virtual joint specified in SRDF. Assuming fixed joint
[WARN] [1790431006.905504472] [moveit_2586665343]: exception thrown while creating node for logging: failed to create guard condition: context argument is null, at ./src/rcl/guard_condition.c:65
[WARN] [1790431006.906806978] [moveit_2586665343]: if rclcpp::init was not called, messages from this logger may be missing from /rosout
[INFO] [1790431006.907575764] [moveit_2586665343.moveit.core.robot_model]: Loading robot model 'kr6_r900_sixx'...
[INFO] [1790431006.907870581] [moveit_2586665343.moveit.core.robot_model]: No root/virtual joint specified in SRDF. Assuming fixed joint
[WARN] [1790431007.896193781] [moveit_3528349245]: exception thrown while creating node for logging: failed to create guard condition: context argument is null, at ./src/rcl/guard_condition.c:65
[WARN] [1790431007.897794793] [moveit_3528349245]: if rclcpp::init was not called, messages from this logger may be missing from /rosout
[INFO] [1790431007.898869011] [moveit_3528349245.moveit.core.robot_model]: Loading robot model 'kr6_r900_sixx'...
[INFO] [1790431007.899280761] [moveit_3528349245.moveit.core.robot_model]: No root/virtual joint specified in SRDF. Assuming fixed joint
[WARN] [1790431008.880970352] [moveit_4146504109]: exception thrown while creating node for logging: failed to create guard condition: context argument is null, at ./src/rcl/guard_condition.c:65
[WARN] [1790431008.883346704] [moveit_4146504109]: if rclcpp::init was not called, messages from this logger may be missing from /rosout
[INFO] [1790431008.884440448] [moveit_4146504109.moveit.core.robot_model]: Loading robot model 'kr6_r900_sixx'...
[INFO] [1790431008.885232278] [moveit_4146504109.moveit.core.robot_model]: No root/virtual joint specified in SRDF. Assuming fixed joint
[WARN] [1790431009.878212444] [moveit_690210957]: exception thrown while creating node for logging: failed to create guard condition: context argument is null, at ./src/rcl/guard_condition.c:65
[WARN] [1790431009.879706156] [moveit_690210957]: if rclcpp::init was not called, messages from this logger may be missing from /rosout
[INFO] [1790431009.881141138] [moveit_690210957.moveit.core.robot_model]: Loading robot model 'kr6_r900_sixx'...
[INFO] [1790431009.881654688] [moveit_690210957.moveit.core.robot_model]: No root/virtual joint specified in SRDF. Assuming fixed joint
[WARN] [1790431010.872988435] [moveit_962832999]: exception thrown while creating node for logging: failed to create guard condition: context argument is null, at ./src/rcl/guard_condition.c:65
[WARN] [1790431010.874839705] [moveit_962832999]: if rclcpp::init was not called, messages from this logger may be missing from /rosout
[INFO] [1790431010.876063482] [moveit_962832999.moveit.core.robot_model]: Loading robot model 'kr6_r900_sixx'...
[INFO] [1790431010.876523342] [moveit_962832999.moveit.core.robot_model]: No root/virtual joint specified in SRDF. Assuming fixed joint
