Fatal Python error: Aborted

Current thread 0x00005700 (most recent call first):
  File "C:\Users\Arda TEKG\xd6Z\Desktop\NeuroKinematics-main\src\neurokinematics\kinematics\transforms.py", line 32 in origin_transform
  File "C:\Users\Arda TEKG\xd6Z\Desktop\NeuroKinematics-main\src\neurokinematics\kinematics\chain.py", line 63 in extract_chain
  File "C:\Users\Arda TEKG\xd6Z\Desktop\NeuroKinematics-main\src\neurokinematics\kinematics\torch_fk.py", line 25 in __init__
  File "C:\Users\Arda TEKG\xd6Z\Desktop\NeuroKinematics-main\tests\c1_03\test_analytic.py", line 24 in test_analytic
  File "C:\Users\Arda TEKG\xd6Z\Desktop\NeuroKinematics-main\.pixi\envs\default\Lib\site-packages\_pytest\python.py", line 157 in pytest_pyfunc_call
  File "C:\Users\Arda TEKG\xd6Z\Desktop\NeuroKinematics-main\.pixi\envs\default\Lib\site-packages\pluggy\_callers.py", line 121 in _multicall
  File "C:\Users\Arda TEKG\xd6Z\Desktop\NeuroKinematics-main\.pixi\envs\default\Lib\site-packages\pluggy\_manager.py", line 120 in _hookexec
  File "C:\Users\Arda TEKG\xd6Z\Desktop\NeuroKinematics-main\.pixi\envs\default\Lib\site-packages\pluggy\_hooks.py", line 512 in __call__
  File "C:\Users\Arda TEKG\xd6Z\Desktop\NeuroKinematics-main\.pixi\envs\default\Lib\site-packages\_pytest\python.py", line 1671 in runtest
  File "C:\Users\Arda TEKG\xd6Z\Desktop\NeuroKinematics-main\.pixi\envs\default\Lib\site-packages\_pytest\runner.py", line 178 in pytest_runtest_call
  File "C:\Users\Arda TEKG\xd6Z\Desktop\NeuroKinematics-main\.pixi\envs\default\Lib\site-packages\pluggy\_callers.py", line 121 in _multicall
  File "C:\Users\Arda TEKG\xd6Z\Desktop\NeuroKinematics-main\.pixi\envs\default\Lib\site-packages\pluggy\_manager.py", line 120 in _hookexec
  File "C:\Users\Arda TEKG\xd6Z\Desktop\NeuroKinematics-main\.pixi\envs\default\Lib\site-packages\pluggy\_hooks.py", line 512 in __call__
  File "C:\Users\Arda TEKG\xd6Z\Desktop\NeuroKinematics-main\.pixi\envs\default\Lib\site-packages\_pytest\runner.py", line 246 in <lambda>
  File "C:\Users\Arda TEKG\xd6Z\Desktop\NeuroKinematics-main\.pixi\envs\default\Lib\site-packages\_pytest\runner.py", line 344 in from_call
  File "C:\Users\Arda TEKG\xd6Z\Desktop\NeuroKinematics-main\.pixi\envs\default\Lib\site-packages\_pytest\runner.py", line 245 in call_and_report
  File "C:\Users\Arda TEKG\xd6Z\Desktop\NeuroKinematics-main\.pixi\envs\default\Lib\site-packages\_pytest\runner.py", line 136 in runtestprotocol
  File "C:\Users\Arda TEKG\xd6Z\Desktop\NeuroKinematics-main\.pixi\envs\default\Lib\site-packages\_pytest\runner.py", line 117 in pytest_runtest_protocol
  File "C:\Users\Arda TEKG\xd6Z\Desktop\NeuroKinematics-main\.pixi\envs\default\Lib\site-packages\pluggy\_callers.py", line 121 in _multicall
  File "C:\Users\Arda TEKG\xd6Z\Desktop\NeuroKinematics-main\.pixi\envs\default\Lib\site-packages\pluggy\_manager.py", line 120 in _hookexec
  File "C:\Users\Arda TEKG\xd6Z\Desktop\NeuroKinematics-main\.pixi\envs\default\Lib\site-packages\pluggy\_hooks.py", line 512 in __call__
  File "C:\Users\Arda TEKG\xd6Z\Desktop\NeuroKinematics-main\.pixi\envs\default\Lib\site-packages\_pytest\main.py", line 367 in pytest_runtestloop
  File "C:\Users\Arda TEKG\xd6Z\Desktop\NeuroKinematics-main\.pixi\envs\default\Lib\site-packages\pluggy\_callers.py", line 121 in _multicall
  File "C:\Users\Arda TEKG\xd6Z\Desktop\NeuroKinematics-main\.pixi\envs\default\Lib\site-packages\pluggy\_manager.py", line 120 in _hookexec
  File "C:\Users\Arda TEKG\xd6Z\Desktop\NeuroKinematics-main\.pixi\envs\default\Lib\site-packages\pluggy\_hooks.py", line 512 in __call__
  File "C:\Users\Arda TEKG\xd6Z\Desktop\NeuroKinematics-main\.pixi\envs\default\Lib\site-packages\_pytest\main.py", line 343 in _main
  File "C:\Users\Arda TEKG\xd6Z\Desktop\NeuroKinematics-main\.pixi\envs\default\Lib\site-packages\_pytest\main.py", line 289 in wrap_session
  File "C:\Users\Arda TEKG\xd6Z\Desktop\NeuroKinematics-main\.pixi\envs\default\Lib\site-packages\_pytest\main.py", line 336 in pytest_cmdline_main
  File "C:\Users\Arda TEKG\xd6Z\Desktop\NeuroKinematics-main\.pixi\envs\default\Lib\site-packages\pluggy\_callers.py", line 121 in _multicall
  File "C:\Users\Arda TEKG\xd6Z\Desktop\NeuroKinematics-main\.pixi\envs\default\Lib\site-packages\pluggy\_manager.py", line 120 in _hookexec
  File "C:\Users\Arda TEKG\xd6Z\Desktop\NeuroKinematics-main\.pixi\envs\default\Lib\site-packages\pluggy\_hooks.py", line 512 in __call__
  File "C:\Users\Arda TEKG\xd6Z\Desktop\NeuroKinematics-main\.pixi\envs\default\Lib\site-packages\_pytest\config\__init__.py", line 175 in main
  File "C:\Users\Arda TEKG\xd6Z\Desktop\NeuroKinematics-main\.pixi\envs\default\Lib\site-packages\_pytest\config\__init__.py", line 201 in console_main
  File "C:\Users\Arda TEKG\xd6Z\Desktop\NeuroKinematics-main\.pixi\envs\default\Lib\site-packages\pytest\__main__.py", line 9 in <module>
  File "<frozen runpy>", line 88 in _run_code
  File "<frozen runpy>", line 198 in _run_module_as_main

Extension modules: numpy._core._multiarray_umath, numpy.linalg._umath_linalg, torch._C, torch._C._dynamo.autograd_compiler, torch._C._dynamo.eval_frame, torch._C._dynamo.guards, torch._C._dynamo.utils, torch._C._fft, torch._C._linalg, torch._C._nested, torch._C._nn, torch._C._sparse, torch._C._special, coal.coal_pywrap, pinocchio.pinocchio_pywrap_default (total: 15)
