Looking in indexes: https://download.pytorch.org/whl/cpu
Collecting torch==2.10.0+cpu
  Downloading torch-2.10.0%2Bcpu-cp312-cp312-win_amd64.whl.metadata (29 kB)
Collecting filelock (from torch==2.10.0+cpu)
  Downloading filelock-3.32.3-py3-none-any.whl.metadata (2.0 kB)
Collecting typing-extensions>=4.10.0 (from torch==2.10.0+cpu)
  Downloading typing_extensions-4.16.0-py3-none-any.whl.metadata (3.3 kB)
Collecting sympy>=1.13.3 (from torch==2.10.0+cpu)
  Using cached sympy-1.14.0-py3-none-any.whl.metadata (12 kB)
Collecting networkx>=2.5.1 (from torch==2.10.0+cpu)
  Using cached networkx-3.6.1-py3-none-any.whl.metadata (6.8 kB)
Collecting jinja2 (from torch==2.10.0+cpu)
  Downloading jinja2-3.1.6-py3-none-any.whl.metadata (2.9 kB)
Collecting fsspec>=0.8.5 (from torch==2.10.0+cpu)
  Downloading fsspec-2026.7.0-py3-none-any.whl.metadata (10 kB)
Collecting mpmath<1.4,>=1.1.0 (from sympy>=1.13.3->torch==2.10.0+cpu)
  Using cached mpmath-1.3.0-py3-none-any.whl.metadata (8.6 kB)
Collecting MarkupSafe>=2.0 (from jinja2->torch==2.10.0+cpu)
  Downloading markupsafe-3.0.3-cp312-cp312-win_amd64.whl.metadata (2.8 kB)
Would install Jinja2-3.1.6 MarkupSafe-3.0.3 filelock-3.32.3 fsspec-2026.7.0 mpmath-1.3.0 networkx-3.6.1 sympy-1.14.0 torch-2.10.0+cpu typing_extensions-4.16.0
