[WARN] [1790420915.858202870] [moveit_3403749322]: exception thrown while creating node for logging: failed to create guard condition: context argument is null, at ./src/rcl/guard_condition.c:65
[WARN] [1790420915.859537508] [moveit_3403749322]: if rclcpp::init was not called, messages from this logger may be missing from /rosout
[INFO] [1790420915.860470806] [moveit_3403749322.moveit.core.robot_model]: Loading robot model 'kr6_r900_sixx'...
[INFO] [1790420915.862729293] [moveit_3403749322.moveit.core.robot_model]: No root/virtual joint specified in SRDF. Assuming fixed joint
[INFO] [1790420915.900927775] [trac_ik_kinematics_plugin.trac_ik_kinematics_plugin]: IK Using joint link_1 -2.96706 2.96706
[INFO] [1790420915.901544112] [trac_ik_kinematics_plugin.trac_ik_kinematics_plugin]: IK Using joint link_2 -3.31613 0.785398
[INFO] [1790420915.901978996] [trac_ik_kinematics_plugin.trac_ik_kinematics_plugin]: IK Using joint link_3 -2.0944 2.72271
[INFO] [1790420915.902440600] [trac_ik_kinematics_plugin.trac_ik_kinematics_plugin]: IK Using joint link_4 -3.22886 3.22886
[INFO] [1790420915.902874461] [trac_ik_kinematics_plugin.trac_ik_kinematics_plugin]: IK Using joint link_5 -2.0944 2.0944
[INFO] [1790420915.903243210] [trac_ik_kinematics_plugin.trac_ik_kinematics_plugin]: IK Using joint link_6 -6.10865 6.10865
[INFO] [1790420915.903636805] [trac_ik_kinematics_plugin.trac_ik_kinematics_plugin]: Using solve type Speed
[WARN] [1790420916.008979860] [moveit_2647185262]: exception thrown while creating node for logging: failed to create guard condition: context argument is null, at ./src/rcl/guard_condition.c:65
[WARN] [1790420916.010164193] [moveit_2647185262]: if rclcpp::init was not called, messages from this logger may be missing from /rosout
[INFO] [1790420916.011141825] [moveit_2647185262.moveit.core.robot_model]: Loading robot model 'kr6_r900_sixx'...
[INFO] [1790420916.011607587] [moveit_2647185262.moveit.core.robot_model]: No root/virtual joint specified in SRDF. Assuming fixed joint
[INFO] [1790420916.052500442] [trac_ik_kinematics_plugin.trac_ik_kinematics_plugin]: IK Using joint link_1 -2.96706 2.96706
[INFO] [1790420916.053299686] [trac_ik_kinematics_plugin.trac_ik_kinematics_plugin]: IK Using joint link_2 -3.31613 0.785398
[INFO] [1790420916.053928126] [trac_ik_kinematics_plugin.trac_ik_kinematics_plugin]: IK Using joint link_3 -2.0944 2.72271
[INFO] [1790420916.054513134] [trac_ik_kinematics_plugin.trac_ik_kinematics_plugin]: IK Using joint link_4 -3.22886 3.22886
[INFO] [1790420916.055035012] [trac_ik_kinematics_plugin.trac_ik_kinematics_plugin]: IK Using joint link_5 -2.0944 2.0944
[INFO] [1790420916.055486357] [trac_ik_kinematics_plugin.trac_ik_kinematics_plugin]: IK Using joint link_6 -6.10865 6.10865
[INFO] [1790420916.056064962] [trac_ik_kinematics_plugin.trac_ik_kinematics_plugin]: Using solve type Speed
