PS C:\Users\Arda TEKGÖZ\Desktop\NeuroKinematics-main> $c101Evidence = (Resolve-Path -LiteralPath '.\experiments\C1-01').Path
PS C:\Users\Arda TEKGÖZ\Desktop\NeuroKinematics-main> $c101Tests = (Resolve-Path -LiteralPath '.\tests').Path
PS C:\Users\Arda TEKGÖZ\Desktop\NeuroKinematics-main> docker run --rm --cpuset-cpus 0,1 -e PYTEST_DISABLE_PLUGIN_AUTOLOAD=1 --mount "type=bind,source=$c101Evidence,target=/evidence" --mount "type=bind,source=$c101Tests,target=/work/tests,readonly" neurokinematics-c101:stage2 python -m pytest -q tests/c1_01/test_adapter.py tests/f0_05 tests/f0_06 -o junit_family=legacy --junitxml=/evidence/linux-critical-regression.xml
........................................................................ [ 34%]
........................................................................ [ 68%]
..............................................................F..        [100%]
=================================== FAILURES ===================================
_____________________ test_real_benchmark_schema_mutation ______________________

record_property = <function record_property.<locals>.append_property at 0x78c4df3814e0>

>   ???

C:\Users\Arda TEKGÖZ\Desktop\NeuroKinematics-main\tests\f0_06\test_gate.py:116:
_ _ _ _ _ _ _ _ _ _ _ _ _ _ _ _ _ _ _ _ _ _ _ _ _ _ _ _ _ _ _ _ _ _ _ _ _ _ _ _

record = {'collision': 'NOT_CHECKED', 'dataset_manifest_sha256': '27785509e024eeb16cd8a9bad31010a2b86ec7a499a385ff54ee107891b2dfe6', 'deadline_profile_ms': 10, 'first_profile_a_iteration': 1, ...}

    def validate_record(record, *, validator: CandidateValidator, expected_hashes):
        """Validate one in-memory record and recompute its independent FK verdict.

        expected_hashes must come from separately verified manifests, not the row.
        Proven-unreachable records require a future certificate-aware entry point;
        this Stage 1 function refuses that claim rather than trusting a proof label.
        """
        artifacts = load_frozen()
        validate_structure(record, artifacts["benchmark-schema.json"])
        if (record['frame'] != validator.inputs.base or record['tcp'] != validator.inputs.tcp
                or record['joint_order'] != list(validator.inputs.joint_names)):
            raise ValueError("validator frame/TCP/joint contract mismatch")
        inputs = artifacts['config.json']['immutable_file_sha256']
        if hashlib.sha256(validator.inputs.urdf).hexdigest() != inputs['assets/robots/robot_a/robot.urdf']:
            raise ValueError("validator model identity mismatch")
        expected_keys = {"query_list_sha256", "solver_config_sha256", "dataset_manifest_sha256"}
        if set(expected_hashes) != expected_keys:
            raise ValueError("all three independent expected hashes required")
        if any(record[k] != v for k, v in expected_hashes.items()):
            raise ValueError("record hash binding mismatch")
        status = SolverStatus(record["solver_status"])
        if "PROVEN_UNREACHABLE" in (status, record["validation_status"], record["reachability"]):
            raise ValueError("independent analytic certificate verification required")
        if record["reachability_proof_sha256"] is not None:
            raise ValueError("unexpected proof without proven reachability")
        if record["total_elapsed_ns"] != record["solve_elapsed_ns"] + record["validation_elapsed_ns"]:
            raise ValueError("elapsed interval mismatch")
        iterations = record["iterations"]
        if (iterations is None) != (record["iteration_availability"] == "NOT_AVAILABLE"):
            raise ValueError("iteration availability mismatch")
        if status == SolverStatus.INVALID_INPUT:
            if iterations is not None or record["input_error"] is None:
                raise ValueError("invalid input must preserve unavailable iteration and diagnosis")
            if record['q_candidate'] is not None:
                raise ValueError("invalid DLS input cannot produce a candidate")
        elif iterations is None or record["input_error"] is not None:
            raise ValueError("valid DLS input requires measured iterations")
        hits = [record["first_profile_a_iteration"], record["first_profile_b_iteration"]]
        if any(hit is not None and (iterations is None or hit > iterations) for hit in hits):
            raise ValueError("first hit exceeds completed iterations")
        if hits[1] is not None and (hits[0] is None or hits[0] > hits[1]):
            raise ValueError("Profile B hit requires earlier or simultaneous A hit")
        if status == SolverStatus.SUCCESS and hits[1] is None:
            raise ValueError("DLS success requires internal Profile B hit")
        if status == SolverStatus.MAX_ITERATIONS and iterations != 200:
            raise ValueError("max iterations must reflect the frozen cap")
        if record["target_source"] == "independent_frozen_fk":
            if record["subset"] not in ("main", "boundary", "singularity") or record["start_class"] not in ("local", "wide"):
                raise ValueError("invalid benchmark query class")
            if record["reachability"] != "KNOWN_REACHABLE" or record["thermal_state"] != "warm":
                raise ValueError("frozen FK queries are kinematically reachable warm measurements")
        if status != SolverStatus.INVALID_INPUT:
            validate_q(record["q_current"], validator.inputs.joint_names, validator.inputs.limits)
            quaternion_wxyz(record["target_quaternion_wxyz"])
        candidate = record["q_candidate"]
        result = SolverResult(status, record["termination_reason"],
                              None if candidate is None else np.asarray(candidate, dtype=np.float64),
                              iterations, *hits, record["solve_elapsed_ns"])
        verdict = validator.validate(result, record["target_position_m"], record["target_quaternion_wxyz"])
        for name in ("position_error_m", "orientation_error_rad", "orientation_error_deg",
                     "profile_a_geometry", "profile_b_geometry", "joint_limits", "collision"):
            expected, actual = getattr(verdict, name), record[name]
            if type(expected) is float:
                matches = actual is not None and math.isclose(actual, expected, rel_tol=1e-12, abs_tol=1e-12)
            else:
                matches = actual == expected
            if not matches:
>               raise ValueError(f"independent verdict mismatch: {name}")
E               ValueError: independent verdict mismatch: orientation_error_deg

src/neurokinematics/benchmark/contract.py:203: ValueError
--------- generated xml file: /evidence/linux-critical-regression.xml ----------
=========================== short test summary info ============================
FAILED tests/f0_06/test_gate.py::test_real_benchmark_schema_mutation - ValueE...
1 failed, 208 passed in 12.34s

What's next:
    Debug this container error with Gordon → docker ai "help me fix this container error"
PS C:\Users\Arda TEKGÖZ\Desktop\NeuroKinematics-main>