PASS: generation replay, root separation, independent geometry, teacher oracle
n64-REPEAT: 1000/5000
n64-REPEAT: 2000/5000
n64-REPEAT: 3000/5000
n64-REPEAT: 4000/5000
n64-REPEAT: 5000/5000
n64-REPEAT: original A64/64; same-root A0/512; validation A0/3600
n64-DIRECTIONS: 1000/5000
n64-DIRECTIONS: 2000/5000
n64-DIRECTIONS: 3000/5000
n64-DIRECTIONS: 4000/5000
n64-DIRECTIONS: 5000/5000
n64-DIRECTIONS: original A13/64; same-root A0/512; validation A0/3600
n512-REPEAT: 1000/5000
n512-REPEAT: 2000/5000
n512-REPEAT: 3000/5000
n512-REPEAT: 4000/5000
n512-REPEAT: 5000/5000
n512-REPEAT: original A241/512; same-root A0/4096; validation A0/3600
n512-DIRECTIONS: 1000/5000
n512-DIRECTIONS: 2000/5000
n512-DIRECTIONS: 3000/5000
n512-DIRECTIONS: 4000/5000
n512-DIRECTIONS: 5000/5000
n512-DIRECTIONS: original A1/512; same-root A0/4096; validation A0/3600
