Collecting torch@ https://download-r2.pytorch.org/whl/cu128/torch-2.10.0%2Bcu128-cp312-cp312-win_amd64.whl (from -r experiments/C1-06R/requirements-win-cu128.lock (line 3))
  Downloading https://download-r2.pytorch.org/whl/cu128/torch-2.10.0%2Bcu128-cp312-cp312-win_amd64.whl (2867.4 MB)
     ---------------------------------------- 2.9/2.9 GB 5.0 MB/s eta 0:00:00
Collecting fsspec@ https://files.pythonhosted.org/packages/fd/3c/6a2bf344106328fd04963664a60b9bb6496fc25df8e962fcdc1367285fb9/fsspec-2026.7.0-py3-none-any.whl (from -r experiments/C1-06R/requirements-win-cu128.lock (line 4))
  Using cached fsspec-2026.7.0-py3-none-any.whl (206 kB)
Collecting networkx@ https://files.pythonhosted.org/packages/9e/c9/b2622292ea83fbb4ec318f5b9ab867d0a28ab43c5717bb85b0a5f6b3b0a4/networkx-3.6.1-py3-none-any.whl (from -r experiments/C1-06R/requirements-win-cu128.lock (line 5))
  Using cached networkx-3.6.1-py3-none-any.whl (2.1 MB)
Collecting sympy@ https://files.pythonhosted.org/packages/a2/09/77d55d46fd61b4a135c444fc97158ef34a095e5681d0a6c10b75bf356191/sympy-1.14.0-py3-none-any.whl (from -r experiments/C1-06R/requirements-win-cu128.lock (line 6))
  Using cached sympy-1.14.0-py3-none-any.whl (6.3 MB)
Collecting mpmath@ https://files.pythonhosted.org/packages/43/e3/7d92a15f894aa0c9c4b49b8ee9ac9850d6e63b03c9c32c0367a13ae62209/mpmath-1.3.0-py3-none-any.whl (from -r experiments/C1-06R/requirements-win-cu128.lock (line 7))
  Using cached mpmath-1.3.0-py3-none-any.whl (536 kB)
Collecting typing_extensions@ https://files.pythonhosted.org/packages/49/d3/b8441a820a491ddfc024b0b0cf0393375b75ea13866d9c66727e54c2fc80/typing_extensions-4.16.0-py3-none-any.whl (from -r experiments/C1-06R/requirements-win-cu128.lock (line 8))
  Using cached typing_extensions-4.16.0-py3-none-any.whl (45 kB)
Collecting filelock@ https://files.pythonhosted.org/packages/a7/8e/50f46a9c0ce8d2861a394c1347caae037ea0431d2f67d7feb151cbc4649a/filelock-3.32.3-py3-none-any.whl (from -r experiments/C1-06R/requirements-win-cu128.lock (line 9))
  Using cached filelock-3.32.3-py3-none-any.whl (98 kB)
Collecting Jinja2@ https://download.pytorch.org/whl/jinja2-3.1.6-py3-none-any.whl (from -r experiments/C1-06R/requirements-win-cu128.lock (line 10))
  Using cached https://download.pytorch.org/whl/jinja2-3.1.6-py3-none-any.whl (134 kB)
Collecting MarkupSafe@ https://download.pytorch.org/whl/markupsafe-3.0.3-cp312-cp312-win_amd64.whl (from -r experiments/C1-06R/requirements-win-cu128.lock (line 11))
  Using cached https://download.pytorch.org/whl/markupsafe-3.0.3-cp312-cp312-win_amd64.whl (15 kB)
Collecting numpy@ https://files.pythonhosted.org/packages/3c/a1/accf6d4f0c80c5d9ba9735d6b1550e444180599f34dec69ca01360f717ad/numpy-2.5.3-cp312-cp312-win_amd64.whl (from -r experiments/C1-06R/requirements-win-cu128.lock (line 12))
  Using cached numpy-2.5.3-cp312-cp312-win_amd64.whl (12.6 MB)
Collecting setuptools@ https://files.pythonhosted.org/packages/9d/76/f789f7a86709c6b087c5a2f52f911838cad707cc613162401badc665acfe/setuptools-82.0.1-py3-none-any.whl (from -r experiments/C1-06R/requirements-win-cu128.lock (line 13))
  Using cached setuptools-82.0.1-py3-none-any.whl (1.0 MB)
Installing collected packages: mpmath, typing_extensions, torch, sympy, setuptools, numpy, networkx, MarkupSafe, Jinja2, fsspec, filelock
Successfully installed Jinja2-3.1.6 MarkupSafe-3.0.3 filelock-3.32.3 fsspec-2026.7.0 mpmath-1.3.0 networkx-3.6.1 numpy-2.5.3 setuptools-82.0.1 sympy-1.14.0 torch-2.10.0+cu128 typing_extensions-4.16.0
