{"stage": "evaluate", "model": "E-C03-Q-seed-2026100201", "completed_pass": 1, "completed_total": 12000}
{"stage": "evaluate", "model": "E-C03-Q-seed-2026100201", "completed_pass": 2, "completed_total": 24000}
{"stage": "evaluate", "model": "E-C03-Q-seed-2026100201", "completed_pass": 3, "completed_total": 36000}
{"stage": "evaluate", "model": "E-C03-Q-seed-2026100201", "completed_pass": 4, "completed_total": 48000}
{"stage": "evaluate", "model": "E-C03-Q-seed-2026100201", "completed_pass": 5, "completed_total": 60000}
{"stage": "evaluate", "model": "E-C03-FK-seed-2026100201", "completed_pass": 1, "completed_total": 72000}
{"stage": "evaluate", "model": "E-C03-FK-seed-2026100201", "completed_pass": 2, "completed_total": 84000}
{"stage": "evaluate", "model": "E-C03-FK-seed-2026100201", "completed_pass": 3, "completed_total": 96000}
{"stage": "evaluate", "model": "E-C03-FK-seed-2026100201", "completed_pass": 4, "completed_total": 108000}
{"stage": "evaluate", "model": "E-C03-FK-seed-2026100201", "completed_pass": 5, "completed_total": 120000}
{"stage": "evaluate", "model": "E-C03-Q-seed-2026100202", "completed_pass": 1, "completed_total": 132000}
{"stage": "evaluate", "model": "E-C03-Q-seed-2026100202", "completed_pass": 2, "completed_total": 144000}
{"stage": "evaluate", "model": "E-C03-Q-seed-2026100202", "completed_pass": 3, "completed_total": 156000}
{"stage": "evaluate", "model": "E-C03-Q-seed-2026100202", "completed_pass": 4, "completed_total": 168000}
{"stage": "evaluate", "model": "E-C03-Q-seed-2026100202", "completed_pass": 5, "completed_total": 180000}
{"stage": "evaluate", "model": "E-C03-FK-seed-2026100202", "completed_pass": 1, "completed_total": 192000}
{"stage": "evaluate", "model": "E-C03-FK-seed-2026100202", "completed_pass": 2, "completed_total": 204000}
{"stage": "evaluate", "model": "E-C03-FK-seed-2026100202", "completed_pass": 3, "completed_total": 216000}
{"stage": "evaluate", "model": "E-C03-FK-seed-2026100202", "completed_pass": 4, "completed_total": 228000}
{"stage": "evaluate", "model": "E-C03-FK-seed-2026100202", "completed_pass": 5, "completed_total": 240000}
{"stage": "evaluate", "model": "E-C03-Q-seed-2026100203", "completed_pass": 1, "completed_total": 252000}
{"stage": "evaluate", "model": "E-C03-Q-seed-2026100203", "completed_pass": 2, "completed_total": 264000}
{"stage": "evaluate", "model": "E-C03-Q-seed-2026100203", "completed_pass": 3, "completed_total": 276000}
{"stage": "evaluate", "model": "E-C03-Q-seed-2026100203", "completed_pass": 4, "completed_total": 288000}
{"stage": "evaluate", "model": "E-C03-Q-seed-2026100203", "completed_pass": 5, "completed_total": 300000}
{"stage": "evaluate", "model": "E-C03-FK-seed-2026100203", "completed_pass": 1, "completed_total": 312000}
{"stage": "evaluate", "model": "E-C03-FK-seed-2026100203", "completed_pass": 2, "completed_total": 324000}
{"stage": "evaluate", "model": "E-C03-FK-seed-2026100203", "completed_pass": 3, "completed_total": 336000}
{"stage": "evaluate", "model": "E-C03-FK-seed-2026100203", "completed_pass": 4, "completed_total": 348000}
{"stage": "evaluate", "model": "E-C03-FK-seed-2026100203", "completed_pass": 5, "completed_total": 360000}
{"stage": "evaluate", "model": "E-C04-FK-seed-2026100201", "completed_pass": 1, "completed_total": 372000}
{"stage": "evaluate", "model": "E-C04-FK-seed-2026100201", "completed_pass": 2, "completed_total": 384000}
{"stage": "evaluate", "model": "E-C04-FK-seed-2026100201", "completed_pass": 3, "completed_total": 396000}
{"stage": "evaluate", "model": "E-C04-FK-seed-2026100201", "completed_pass": 4, "completed_total": 408000}
{"stage": "evaluate", "model": "E-C04-FK-seed-2026100201", "completed_pass": 5, "completed_total": 420000}
{"stage": "evaluate", "model": "E-C04-FK_LIMIT-seed-2026100201", "completed_pass": 1, "completed_total": 432000}
{"stage": "evaluate", "model": "E-C04-FK_LIMIT-seed-2026100201", "completed_pass": 2, "completed_total": 444000}
{"stage": "evaluate", "model": "E-C04-FK_LIMIT-seed-2026100201", "completed_pass": 3, "completed_total": 456000}
{"stage": "evaluate", "model": "E-C04-FK_LIMIT-seed-2026100201", "completed_pass": 4, "completed_total": 468000}
{"stage": "evaluate", "model": "E-C04-FK_LIMIT-seed-2026100201", "completed_pass": 5, "completed_total": 480000}
{"stage": "evaluate", "model": "E-C04-FK-seed-2026100202", "completed_pass": 1, "completed_total": 492000}
{"stage": "evaluate", "model": "E-C04-FK-seed-2026100202", "completed_pass": 2, "completed_total": 504000}
{"stage": "evaluate", "model": "E-C04-FK-seed-2026100202", "completed_pass": 3, "completed_total": 516000}
{"stage": "evaluate", "model": "E-C04-FK-seed-2026100202", "completed_pass": 4, "completed_total": 528000}
{"stage": "evaluate", "model": "E-C04-FK-seed-2026100202", "completed_pass": 5, "completed_total": 540000}
{"stage": "evaluate", "model": "E-C04-FK_LIMIT-seed-2026100202", "completed_pass": 1, "completed_total": 552000}
{"stage": "evaluate", "model": "E-C04-FK_LIMIT-seed-2026100202", "completed_pass": 2, "completed_total": 564000}
{"stage": "evaluate", "model": "E-C04-FK_LIMIT-seed-2026100202", "completed_pass": 3, "completed_total": 576000}
{"stage": "evaluate", "model": "E-C04-FK_LIMIT-seed-2026100202", "completed_pass": 4, "completed_total": 588000}
{"stage": "evaluate", "model": "E-C04-FK_LIMIT-seed-2026100202", "completed_pass": 5, "completed_total": 600000}
{"stage": "evaluate", "model": "E-C04-FK-seed-2026100203", "completed_pass": 1, "completed_total": 612000}
{"stage": "evaluate", "model": "E-C04-FK-seed-2026100203", "completed_pass": 2, "completed_total": 624000}
{"stage": "evaluate", "model": "E-C04-FK-seed-2026100203", "completed_pass": 3, "completed_total": 636000}
{"stage": "evaluate", "model": "E-C04-FK-seed-2026100203", "completed_pass": 4, "completed_total": 648000}
{"stage": "evaluate", "model": "E-C04-FK-seed-2026100203", "completed_pass": 5, "completed_total": 660000}
{"stage": "evaluate", "model": "E-C04-FK_LIMIT-seed-2026100203", "completed_pass": 1, "completed_total": 672000}
{"stage": "evaluate", "model": "E-C04-FK_LIMIT-seed-2026100203", "completed_pass": 2, "completed_total": 684000}
{"stage": "evaluate", "model": "E-C04-FK_LIMIT-seed-2026100203", "completed_pass": 3, "completed_total": 696000}
{"stage": "evaluate", "model": "E-C04-FK_LIMIT-seed-2026100203", "completed_pass": 4, "completed_total": 708000}
{"stage": "evaluate", "model": "E-C04-FK_LIMIT-seed-2026100203", "completed_pass": 5, "completed_total": 720000}
{"stage": "evaluate", "model": "E-C05-FK-seed-2026100201", "completed_pass": 1, "completed_total": 732000}
{"stage": "evaluate", "model": "E-C05-FK-seed-2026100201", "completed_pass": 2, "completed_total": 744000}
{"stage": "evaluate", "model": "E-C05-FK-seed-2026100201", "completed_pass": 3, "completed_total": 756000}
{"stage": "evaluate", "model": "E-C05-FK-seed-2026100201", "completed_pass": 4, "completed_total": 768000}
{"stage": "evaluate", "model": "E-C05-FK-seed-2026100201", "completed_pass": 5, "completed_total": 780000}
{"stage": "evaluate", "model": "E-C05-FK_TANH-seed-2026100201", "completed_pass": 1, "completed_total": 792000}
{"stage": "evaluate", "model": "E-C05-FK_TANH-seed-2026100201", "completed_pass": 2, "completed_total": 804000}
{"stage": "evaluate", "model": "E-C05-FK_TANH-seed-2026100201", "completed_pass": 3, "completed_total": 816000}
{"stage": "evaluate", "model": "E-C05-FK_TANH-seed-2026100201", "completed_pass": 4, "completed_total": 828000}
{"stage": "evaluate", "model": "E-C05-FK_TANH-seed-2026100201", "completed_pass": 5, "completed_total": 840000}
{"stage": "evaluate", "model": "E-C05-FK-seed-2026100202", "completed_pass": 1, "completed_total": 852000}
{"stage": "evaluate", "model": "E-C05-FK-seed-2026100202", "completed_pass": 2, "completed_total": 864000}
{"stage": "evaluate", "model": "E-C05-FK-seed-2026100202", "completed_pass": 3, "completed_total": 876000}
{"stage": "evaluate", "model": "E-C05-FK-seed-2026100202", "completed_pass": 4, "completed_total": 888000}
{"stage": "evaluate", "model": "E-C05-FK-seed-2026100202", "completed_pass": 5, "completed_total": 900000}
{"stage": "evaluate", "model": "E-C05-FK_TANH-seed-2026100202", "completed_pass": 1, "completed_total": 912000}
{"stage": "evaluate", "model": "E-C05-FK_TANH-seed-2026100202", "completed_pass": 2, "completed_total": 924000}
{"stage": "evaluate", "model": "E-C05-FK_TANH-seed-2026100202", "completed_pass": 3, "completed_total": 936000}
{"stage": "evaluate", "model": "E-C05-FK_TANH-seed-2026100202", "completed_pass": 4, "completed_total": 948000}
{"stage": "evaluate", "model": "E-C05-FK_TANH-seed-2026100202", "completed_pass": 5, "completed_total": 960000}
{"stage": "evaluate", "model": "E-C05-FK-seed-2026100203", "completed_pass": 1, "completed_total": 972000}
{"stage": "evaluate", "model": "E-C05-FK-seed-2026100203", "completed_pass": 2, "completed_total": 984000}
{"stage": "evaluate", "model": "E-C05-FK-seed-2026100203", "completed_pass": 3, "completed_total": 996000}
{"stage": "evaluate", "model": "E-C05-FK-seed-2026100203", "completed_pass": 4, "completed_total": 1008000}
{"stage": "evaluate", "model": "E-C05-FK-seed-2026100203", "completed_pass": 5, "completed_total": 1020000}
{"stage": "evaluate", "model": "E-C05-FK_TANH-seed-2026100203", "completed_pass": 1, "completed_total": 1032000}
{"stage": "evaluate", "model": "E-C05-FK_TANH-seed-2026100203", "completed_pass": 2, "completed_total": 1044000}
{"stage": "evaluate", "model": "E-C05-FK_TANH-seed-2026100203", "completed_pass": 3, "completed_total": 1056000}
{"stage": "evaluate", "model": "E-C05-FK_TANH-seed-2026100203", "completed_pass": 4, "completed_total": 1068000}
{"stage": "evaluate", "model": "E-C05-FK_TANH-seed-2026100203", "completed_pass": 5, "completed_total": 1080000}
{"stage": "evaluate", "model": "E-C01-conditioned-seed-2026100201", "completed_pass": 1, "completed_total": 1092000}
{"stage": "evaluate", "model": "E-C01-conditioned-seed-2026100201", "completed_pass": 2, "completed_total": 1104000}
{"stage": "evaluate", "model": "E-C01-conditioned-seed-2026100201", "completed_pass": 3, "completed_total": 1116000}
{"stage": "evaluate", "model": "E-C01-conditioned-seed-2026100201", "completed_pass": 4, "completed_total": 1128000}
{"stage": "evaluate", "model": "E-C01-conditioned-seed-2026100201", "completed_pass": 5, "completed_total": 1140000}
{"stage": "evaluate", "model": "E-C01-conditioned-seed-2026100202", "completed_pass": 1, "completed_total": 1152000}
{"stage": "evaluate", "model": "E-C01-conditioned-seed-2026100202", "completed_pass": 2, "completed_total": 1164000}
{"stage": "evaluate", "model": "E-C01-conditioned-seed-2026100202", "completed_pass": 3, "completed_total": 1176000}
{"stage": "evaluate", "model": "E-C01-conditioned-seed-2026100202", "completed_pass": 4, "completed_total": 1188000}
{"stage": "evaluate", "model": "E-C01-conditioned-seed-2026100202", "completed_pass": 5, "completed_total": 1200000}
{"stage": "evaluate", "model": "E-C01-conditioned-seed-2026100203", "completed_pass": 1, "completed_total": 1212000}
{"stage": "evaluate", "model": "E-C01-conditioned-seed-2026100203", "completed_pass": 2, "completed_total": 1224000}
{"stage": "evaluate", "model": "E-C01-conditioned-seed-2026100203", "completed_pass": 3, "completed_total": 1236000}
{"stage": "evaluate", "model": "E-C01-conditioned-seed-2026100203", "completed_pass": 4, "completed_total": 1248000}
{"stage": "evaluate", "model": "E-C01-conditioned-seed-2026100203", "completed_pass": 5, "completed_total": 1260000}
